Component: ARM Compiler 5.06 update 6 (build 750) Tool: armlink [4d35ed]

==============================================================================

Section Cross References

    startup_stm32f103xb.o(RESET) refers to startup_stm32f103xb.o(STACK) for __initial_sp
    startup_stm32f103xb.o(RESET) refers to startup_stm32f103xb.o(.text) for Reset_Handler
    startup_stm32f103xb.o(RESET) refers to stm32f1xx_it.o(i.NMI_Handler) for NMI_Handler
    startup_stm32f103xb.o(RESET) refers to stm32f1xx_it.o(i.HardFault_Handler) for HardFault_Handler
    startup_stm32f103xb.o(RESET) refers to stm32f1xx_it.o(i.MemManage_Handler) for MemManage_Handler
    startup_stm32f103xb.o(RESET) refers to stm32f1xx_it.o(i.BusFault_Handler) for BusFault_Handler
    startup_stm32f103xb.o(RESET) refers to stm32f1xx_it.o(i.UsageFault_Handler) for UsageFault_Handler
    startup_stm32f103xb.o(RESET) refers to stm32f1xx_it.o(i.SVC_Handler) for SVC_Handler
    startup_stm32f103xb.o(RESET) refers to stm32f1xx_it.o(i.DebugMon_Handler) for DebugMon_Handler
    startup_stm32f103xb.o(RESET) refers to stm32f1xx_it.o(i.PendSV_Handler) for PendSV_Handler
    startup_stm32f103xb.o(RESET) refers to stm32f1xx_it.o(i.SysTick_Handler) for SysTick_Handler
    startup_stm32f103xb.o(RESET) refers to stm32f1xx_it.o(i.TIM2_IRQHandler) for TIM2_IRQHandler
    startup_stm32f103xb.o(RESET) refers to stm32f1xx_it.o(i.USART1_IRQHandler) for USART1_IRQHandler
    startup_stm32f103xb.o(RESET) refers to stm32f1xx_it.o(i.USART2_IRQHandler) for USART2_IRQHandler
    startup_stm32f103xb.o(.text) refers to system_stm32f1xx.o(i.SystemInit) for SystemInit
    startup_stm32f103xb.o(.text) refers to entry.o(.ARM.Collect$$$$00000000) for __main
    gizwits_product.o(i.HAL_TIM_PeriodElapsedCallback) refers to gizwits_product.o(i.gizTimerMs) for gizTimerMs
    gizwits_product.o(i.HAL_TIM_PeriodElapsedCallback) refers to tim.o(.bss) for htim2
    gizwits_product.o(i.HAL_UART_RxCpltCallback) refers to gizwits_protocol.o(i.gizPutData) for gizPutData
    gizwits_product.o(i.HAL_UART_RxCpltCallback) refers to stm32f1xx_hal_uart.o(i.HAL_UART_Receive_IT) for HAL_UART_Receive_IT
    gizwits_product.o(i.HAL_UART_RxCpltCallback) refers to gizwits_product.o(.data) for .data
    gizwits_product.o(i.HAL_UART_RxCpltCallback) refers to usart.o(.bss) for huart2
    gizwits_product.o(i.fputc) refers to stm32f1xx_hal_uart.o(i.HAL_UART_Transmit) for HAL_UART_Transmit
    gizwits_product.o(i.fputc) refers to usart.o(.bss) for huart1
    gizwits_product.o(i.gizGetTimerCount) refers to gizwits_product.o(.data) for .data
    gizwits_product.o(i.gizTimerMs) refers to gizwits_product.o(.data) for .data
    gizwits_product.o(i.gizwitsEventProcess) refers to printf8.o(i.__0printf$8) for __2printf
    gizwits_product.o(i.gizwitsEventProcess) refers to gizwits_product.o(.bss) for .bss
    gizwits_product.o(i.mcuRestart) refers to stm32f1xx_hal_cortex.o(i.HAL_NVIC_SystemReset) for HAL_NVIC_SystemReset
    gizwits_product.o(i.timerInit) refers to stm32f1xx_hal_tim.o(i.HAL_TIM_Base_Start_IT) for HAL_TIM_Base_Start_IT
    gizwits_product.o(i.timerInit) refers to tim.o(.bss) for htim2
    gizwits_product.o(i.uartInit) refers to stm32f1xx_hal_uart.o(i.HAL_UART_Receive_IT) for HAL_UART_Receive_IT
    gizwits_product.o(i.uartInit) refers to gizwits_product.o(.data) for .data
    gizwits_product.o(i.uartInit) refers to usart.o(.bss) for huart2
    gizwits_product.o(i.uartWrite) refers to stm32f1xx_hal_uart.o(i.HAL_UART_Transmit_IT) for HAL_UART_Transmit_IT
    gizwits_product.o(i.uartWrite) refers to printf8.o(i.__0printf$8) for __2printf
    gizwits_product.o(i.uartWrite) refers to usart.o(.bss) for huart2
    gizwits_product.o(i.uartWrite) refers to gizwits_product.o(.data) for .data
    gizwits_product.o(i.userInit) refers to memseta.o(.text) for __aeabi_memclr
    gizwits_product.o(i.userInit) refers to gizwits_product.o(.bss) for .bss
    gizwits_protocol.o(i.gizCheckReport) refers to gizwits_product.o(i.gizGetTimerCount) for gizGetTimerCount
    gizwits_protocol.o(i.gizCheckReport) refers to printf8.o(i.__0printf$8) for __2printf
    gizwits_protocol.o(i.gizCheckReport) refers to gizwits_protocol.o(.bss) for .bss
    gizwits_protocol.o(i.gizCheckReport) refers to gizwits_protocol.o(.data) for .data
    gizwits_protocol.o(i.gizDataPoint2Event) refers to memseta.o(.text) for __aeabi_memclr4
    gizwits_protocol.o(i.gizDataPoint2Event) refers to memcpya.o(.text) for __aeabi_memcpy
    gizwits_protocol.o(i.gizDataPoint2Event) refers to datapointtools.o(i.gizByteOrderExchange) for gizByteOrderExchange
    gizwits_protocol.o(i.gizDataPoint2Event) refers to gizwits_protocol.o(i.calculateDynamicBitPartLen) for calculateDynamicBitPartLen
    gizwits_protocol.o(i.gizDataPoint2Event) refers to datapointtools.o(i.gizVarlenDecompressionValue) for gizVarlenDecompressionValue
    gizwits_protocol.o(i.gizDataPoint2Event) refers to printf8.o(i.__0printf$8) for __2printf
[...]
    Removing stm32f1xx_hal_flash_ex.o(i.FLASH_OB_RDP_LevelConfig), (100 bytes).
    Removing stm32f1xx_hal_flash_ex.o(i.FLASH_PageErase), (36 bytes).
    Removing stm32f1xx_hal_flash_ex.o(i.HAL_FLASHEx_Erase), (168 bytes).
    Removing stm32f1xx_hal_flash_ex.o(i.HAL_FLASHEx_Erase_IT), (84 bytes).
    Removing stm32f1xx_hal_flash_ex.o(i.HAL_FLASHEx_OBErase), (84 bytes).
    Removing stm32f1xx_hal_flash_ex.o(i.HAL_FLASHEx_OBGetConfig), (36 bytes).
    Removing stm32f1xx_hal_flash_ex.o(i.HAL_FLASHEx_OBGetUserData), (32 bytes).
    Removing stm32f1xx_hal_flash_ex.o(i.HAL_FLASHEx_OBProgram), (200 bytes).
    Removing stm32f1xx_hal_cortex.o(.rev16_text), (4 bytes).
    Removing stm32f1xx_hal_cortex.o(.revsh_text), (4 bytes).
    Removing stm32f1xx_hal_cortex.o(.rrx_text), (6 bytes).
    Removing stm32f1xx_hal_cortex.o(i.HAL_NVIC_ClearPendingIRQ), (22 bytes).
    Removing stm32f1xx_hal_cortex.o(i.HAL_NVIC_DisableIRQ), (22 bytes).
    Removing stm32f1xx_hal_cortex.o(i.HAL_NVIC_GetActive), (32 bytes).
    Removing stm32f1xx_hal_cortex.o(i.HAL_NVIC_GetPendingIRQ), (32 bytes).
    Removing stm32f1xx_hal_cortex.o(i.HAL_NVIC_GetPriority), (82 bytes).
    Removing stm32f1xx_hal_cortex.o(i.HAL_NVIC_GetPriorityGrouping), (16 bytes).
    Removing stm32f1xx_hal_cortex.o(i.HAL_NVIC_SetPendingIRQ), (22 bytes).
    Removing stm32f1xx_hal_tim_ex.o(.rev16_text), (4 bytes).
    Removing stm32f1xx_hal_tim_ex.o(.revsh_text), (4 bytes).
    Removing stm32f1xx_hal_tim_ex.o(.rrx_text), (6 bytes).
    Removing stm32f1xx_hal_tim_ex.o(i.HAL_TIMEx_ConfigBreakDeadTime), (90 bytes).
    Removing stm32f1xx_hal_tim_ex.o(i.HAL_TIMEx_ConfigCommutationEvent), (92 bytes).
    Removing stm32f1xx_hal_tim_ex.o(i.HAL_TIMEx_ConfigCommutationEvent_DMA), (124 bytes).
    Removing stm32f1xx_hal_tim_ex.o(i.HAL_TIMEx_ConfigCommutationEvent_IT), (102 bytes).
    Removing stm32f1xx_hal_tim_ex.o(i.HAL_TIMEx_HallSensor_DeInit), (56 bytes).
    Removing stm32f1xx_hal_tim_ex.o(i.HAL_TIMEx_HallSensor_GetState), (6 bytes).
    Removing stm32f1xx_hal_tim_ex.o(i.HAL_TIMEx_HallSensor_Init), (188 bytes).
    Removing stm32f1xx_hal_tim_ex.o(i.HAL_TIMEx_HallSensor_MspDeInit), (2 bytes).
    Removing stm32f1xx_hal_tim_ex.o(i.HAL_TIMEx_HallSensor_MspInit), (2 bytes).
    Removing stm32f1xx_hal_tim_ex.o(i.HAL_TIMEx_HallSensor_Start), (28 bytes).
    Removing stm32f1xx_hal_tim_ex.o(i.HAL_TIMEx_HallSensor_Start_DMA), (104 bytes).
    Removing stm32f1xx_hal_tim_ex.o(i.HAL_TIMEx_HallSensor_Start_IT), (38 bytes).
    Removing stm32f1xx_hal_tim_ex.o(i.HAL_TIMEx_HallSensor_Stop), (46 bytes).
    Removing stm32f1xx_hal_tim_ex.o(i.HAL_TIMEx_HallSensor_Stop_DMA), (56 bytes).
    Removing stm32f1xx_hal_tim_ex.o(i.HAL_TIMEx_HallSensor_Stop_IT), (56 bytes).
    Removing stm32f1xx_hal_tim_ex.o(i.HAL_TIMEx_OCN_Start), (36 bytes).
    Removing stm32f1xx_hal_tim_ex.o(i.HAL_TIMEx_OCN_Start_DMA), (184 bytes).
    Removing stm32f1xx_hal_tim_ex.o(i.HAL_TIMEx_OCN_Start_IT), (84 bytes).
    Removing stm32f1xx_hal_tim_ex.o(i.HAL_TIMEx_OCN_Stop), (68 bytes).
    Removing stm32f1xx_hal_tim_ex.o(i.HAL_TIMEx_OCN_Stop_DMA), (112 bytes).
    Removing stm32f1xx_hal_tim_ex.o(i.HAL_TIMEx_OCN_Stop_IT), (122 bytes).
    Removing stm32f1xx_hal_tim_ex.o(i.HAL_TIMEx_OnePulseN_Start), (26 bytes).
    Removing stm32f1xx_hal_tim_ex.o(i.HAL_TIMEx_OnePulseN_Start_IT), (46 bytes).
    Removing stm32f1xx_hal_tim_ex.o(i.HAL_TIMEx_OnePulseN_Stop), (68 bytes).
    Removing stm32f1xx_hal_tim_ex.o(i.HAL_TIMEx_OnePulseN_Stop_IT), (88 bytes).
    Removing stm32f1xx_hal_tim_ex.o(i.HAL_TIMEx_PWMN_Start), (36 bytes).
    Removing stm32f1xx_hal_tim_ex.o(i.HAL_TIMEx_PWMN_Start_DMA), (184 bytes).
    Removing stm32f1xx_hal_tim_ex.o(i.HAL_TIMEx_PWMN_Start_IT), (84 bytes).
    Removing stm32f1xx_hal_tim_ex.o(i.HAL_TIMEx_PWMN_Stop), (68 bytes).
    Removing stm32f1xx_hal_tim_ex.o(i.HAL_TIMEx_PWMN_Stop_DMA), (112 bytes).
    Removing stm32f1xx_hal_tim_ex.o(i.HAL_TIMEx_PWMN_Stop_IT), (122 bytes).
    Removing stm32f1xx_hal_tim_ex.o(i.TIMEx_DMACommutationCplt), (16 bytes).
    Removing stm32f1xx_hal_tim_ex.o(i.TIM_CCxNChannelCmd), (22 bytes).
    Removing stm32f1xx_hal.o(.rev16_text), (4 bytes).
    Removing stm32f1xx_hal.o(.revsh_text), (4 bytes).
    Removing stm32f1xx_hal.o(.rrx_text), (6 bytes).
    Removing stm32f1xx_hal.o(i.HAL_DBGMCU_DisableDBGSleepMode), (16 bytes).
    Removing stm32f1xx_hal.o(i.HAL_DBGMCU_DisableDBGStandbyMode), (16 bytes).
    Removing stm32f1xx_hal.o(i.HAL_DBGMCU_DisableDBGStopMode), (16 bytes).
    Removing stm32f1xx_hal.o(i.HAL_DBGMCU_EnableDBGSleepMode), (16 bytes).
    Removing stm32f1xx_hal.o(i.HAL_DBGMCU_EnableDBGStandbyMode), (16 bytes).
    Removing stm32f1xx_hal.o(i.HAL_DBGMCU_EnableDBGStopMode), (16 bytes).
    Removing stm32f1xx_hal.o(i.HAL_DeInit), (32 bytes).
    Removing stm32f1xx_hal.o(i.HAL_Delay), (36 bytes).
    Removing stm32f1xx_hal.o(i.HAL_GetDEVID), (16 bytes).
    Removing stm32f1xx_hal.o(i.HAL_GetHalVersion), (8 bytes).
    Removing stm32f1xx_hal.o(i.HAL_GetREVID), (12 bytes).
    Removing stm32f1xx_hal.o(i.HAL_GetTickFreq), (12 bytes).
    Removing stm32f1xx_hal.o(i.HAL_GetTickPrio), (12 bytes).
    Removing stm32f1xx_hal.o(i.HAL_GetUID), (28 bytes).
    Removing stm32f1xx_hal.o(i.HAL_MspDeInit), (2 bytes).
    Removing stm32f1xx_hal.o(i.HAL_MspInit), (2 bytes).
    Removing stm32f1xx_hal.o(i.HAL_ResumeTick), (14 bytes).
    Removing stm32f1xx_hal.o(i.HAL_SetTickFreq), (28 bytes).
    Removing stm32f1xx_hal.o(i.HAL_SuspendTick), (14 bytes).
    Removing stm32f1xx_hal_uart.o(.rev16_text), (4 bytes).
    Removing stm32f1xx_hal_uart.o(.revsh_text), (4 bytes).
    Removing stm32f1xx_hal_uart.o(.rrx_text), (6 bytes).
    Removing stm32f1xx_hal_uart.o(i.HAL_HalfDuplex_EnableReceiver), (50 bytes).
    Removing stm32f1xx_hal_uart.o(i.HAL_HalfDuplex_EnableTransmitter), (50 bytes).
    Removing stm32f1xx_hal_uart.o(i.HAL_HalfDuplex_Init), (108 bytes).
    Removing stm32f1xx_hal_uart.o(i.HAL_LIN_Init), (122 bytes).
    Removing stm32f1xx_hal_uart.o(i.HAL_LIN_SendBreak), (46 bytes).
    Removing stm32f1xx_hal_uart.o(i.HAL_MultiProcessor_EnterMuteMode), (46 bytes).
    Removing stm32f1xx_hal_uart.o(i.HAL_MultiProcessor_ExitMuteMode), (46 bytes).
    Removing stm32f1xx_hal_uart.o(i.HAL_MultiProcessor_Init), (130 bytes).
    Removing stm32f1xx_hal_uart.o(i.HAL_UART_Abort), (104 bytes).
    Removing stm32f1xx_hal_uart.o(i.HAL_UART_AbortCpltCallback), (2 bytes).
    Removing stm32f1xx_hal_uart.o(i.HAL_UART_AbortReceive), (68 bytes).
    Removing stm32f1xx_hal_uart.o(i.HAL_UART_AbortReceiveCpltCallback), (2 bytes).
    Removing stm32f1xx_hal_uart.o(i.HAL_UART_AbortReceive_IT), (92 bytes).
    Removing stm32f1xx_hal_uart.o(i.HAL_UART_AbortTransmit), (58 bytes).
    Removing stm32f1xx_hal_uart.o(i.HAL_UART_AbortTransmitCpltCallback), (2 bytes).
    Removing stm32f1xx_hal_uart.o(i.HAL_UART_AbortTransmit_IT), (84 bytes).
    Removing stm32f1xx_hal_uart.o(i.HAL_UART_Abort_IT), (172 bytes).
    Removing stm32f1xx_hal_uart.o(i.HAL_UART_DMAPause), (102 bytes).
    Removing stm32f1xx_hal_uart.o(i.HAL_UART_DMAResume), (94 bytes).
    Removing stm32f1xx_hal_uart.o(i.HAL_UART_DMAStop), (88 bytes).
    Removing stm32f1xx_hal_uart.o(i.HAL_UART_DeInit), (40 bytes).
    Removing stm32f1xx_hal_uart.o(i.HAL_UART_GetError), (4 bytes).
    Removing stm32f1xx_hal_uart.o(i.HAL_UART_GetState), (10 bytes).
    Removing stm32f1xx_hal_uart.o(i.HAL_UART_MspDeInit), (2 bytes).
    Removing stm32f1xx_hal_uart.o(i.HAL_UART_MspInit), (2 bytes).
    Removing stm32f1xx_hal_uart.o(i.HAL_UART_Receive), (184 bytes).
    Removing stm32f1xx_hal_uart.o(i.HAL_UART_Receive_DMA), (152 bytes).
    Removing stm32f1xx_hal_uart.o(i.HAL_UART_RxCpltCallback), (2 bytes).
    Removing stm32f1xx_hal_uart.o(i.HAL_UART_RxHalfCpltCallback), (2 bytes).
    Removing stm32f1xx_hal_uart.o(i.HAL_UART_Transmit_DMA), (128 bytes).
    Removing stm32f1xx_hal_uart.o(i.HAL_UART_TxHalfCpltCallback), (2 bytes).
    Removing stm32f1xx_hal_uart.o(i.UART_DMAError), (74 bytes).
    Removing stm32f1xx_hal_uart.o(i.UART_DMAReceiveCplt), (60 bytes).
    Removing stm32f1xx_hal_uart.o(i.UART_DMARxAbortCallback), (42 bytes).
    Removing stm32f1xx_hal_uart.o(i.UART_DMARxHalfCplt), (10 bytes).
    Removing stm32f1xx_hal_uart.o(i.UART_DMARxOnlyAbortCallback), (20 bytes).
    Removing stm32f1xx_hal_uart.o(i.UART_DMATransmitCplt), (46 bytes).
    Removing stm32f1xx_hal_uart.o(i.UART_DMATxAbortCallback), (42 bytes).
    Removing stm32f1xx_hal_uart.o(i.UART_DMATxHalfCplt), (10 bytes).
    Removing stm32f1xx_hal_uart.o(i.UART_DMATxOnlyAbortCallback), (20 bytes).
    Removing stm32f1xx_hal_uart.o(i.UART_EndTxTransfer), (18 bytes).
    Removing stm32f1xx_hal_pwr.o(.rev16_text), (4 bytes).
    Removing stm32f1xx_hal_pwr.o(.revsh_text), (4 bytes).
    Removing stm32f1xx_hal_pwr.o(.rrx_text), (6 bytes).
    Removing stm32f1xx_hal_pwr.o(i.HAL_PWR_ConfigPVD), (124 bytes).
    Removing stm32f1xx_hal_pwr.o(i.HAL_PWR_DeInit), (24 bytes).
    Removing stm32f1xx_hal_pwr.o(i.HAL_PWR_DisableBkUpAccess), (12 bytes).
    Removing stm32f1xx_hal_pwr.o(i.HAL_PWR_DisablePVD), (12 bytes).
    Removing stm32f1xx_hal_pwr.o(i.HAL_PWR_DisableSEVOnPend), (16 bytes).
    Removing stm32f1xx_hal_pwr.o(i.HAL_PWR_DisableSleepOnExit), (16 bytes).
    Removing stm32f1xx_hal_pwr.o(i.HAL_PWR_DisableWakeUpPin), (28 bytes).
    Removing stm32f1xx_hal_pwr.o(i.HAL_PWR_EnableBkUpAccess), (12 bytes).
    Removing stm32f1xx_hal_pwr.o(i.HAL_PWR_EnablePVD), (12 bytes).
    Removing stm32f1xx_hal_pwr.o(i.HAL_PWR_EnableSEVOnPend), (16 bytes).
    Removing stm32f1xx_hal_pwr.o(i.HAL_PWR_EnableSleepOnExit), (16 bytes).
    Removing stm32f1xx_hal_pwr.o(i.HAL_PWR_EnableWakeUpPin), (28 bytes).
    Removing stm32f1xx_hal_pwr.o(i.HAL_PWR_EnterSLEEPMode), (32 bytes).
    Removing stm32f1xx_hal_pwr.o(i.HAL_PWR_EnterSTANDBYMode), (32 bytes).
    Removing stm32f1xx_hal_pwr.o(i.HAL_PWR_EnterSTOPMode), (68 bytes).
    Removing stm32f1xx_hal_pwr.o(i.HAL_PWR_PVDCallback), (2 bytes).
    Removing stm32f1xx_hal_pwr.o(i.HAL_PWR_PVD_IRQHandler), (28 bytes).
    Removing stm32f1xx_hal_pwr.o(i.PWR_OverloadWfe), (6 bytes).
    Removing usart.o(.rev16_text), (4 bytes).
    Removing usart.o(.revsh_text), (4 bytes).
    Removing usart.o(.rrx_text), (6 bytes).
    Removing usart.o(i.HAL_UART_MspDeInit), (120 bytes).
    Removing stm32f1xx_it.o(.rev16_text), (4 bytes).
    Removing stm32f1xx_it.o(.revsh_text), (4 bytes).
    Removing stm32f1xx_it.o(.rrx_text), (6 bytes).
    Removing gpio.o(.rev16_text), (4 bytes).
    Removing gpio.o(.revsh_text), (4 bytes).
    Removing gpio.o(.rrx_text), (6 bytes).
    Removing tim.o(.rev16_text), (4 bytes).
    Removing tim.o(.revsh_text), (4 bytes).
    Removing tim.o(.rrx_text), (6 bytes).
    Removing tim.o(i.HAL_TIM_Base_MspDeInit), (32 bytes).
    Removing main.o(.rev16_text), (4 bytes).
    Removing main.o(.revsh_text), (4 bytes).
    Removing main.o(.rrx_text), (6 bytes).
    Removing stm32f1xx_hal_msp.o(.rev16_text), (4 bytes).
    Removing stm32f1xx_hal_msp.o(.revsh_text), (4 bytes).
    Removing stm32f1xx_hal_msp.o(.rrx_text), (6 bytes).
    Removing fadd.o(.text), (176 bytes).
    Removing fmul.o(.text), (100 bytes).
    Removing fdiv.o(.text), (124 bytes).
    Removing ffltui.o(.text), (10 bytes).
    Removing ffixui.o(.text), (40 bytes).
    Removing fepilogue.o(.text), (110 bytes).
    Removing dadd.o(.text), (334 bytes).
    Removing dmul.o(.text), (228 bytes).
    Removing ddiv.o(.text), (222 bytes).
    Removing dfixul.o(.text), (48 bytes).
    Removing cdrcmple.o(.text), (48 bytes).
    Removing depilogue.o(.text), (186 bytes).

368 unused section(s) (total 23462 bytes) removed from the image.

==============================================================================

Image Symbol Table

    Local Symbols

    Symbol Name                              Value     Ov Type        Size  Object(Section)

    ..//Src/system_stm32f1xx.c               0x00000000   Number         0  system_stm32f1xx.o ABSOLUTE
    ../Drivers/STM32F1xx_HAL_Driver/Src/stm32f1xx_hal.c 0x00000000   Number         0  stm32f1xx_hal.o ABSOLUTE
    ../Drivers/STM32F1xx_HAL_Driver/Src/stm32f1xx_hal_cortex.c 0x00000000   Number         0  stm32f1xx_hal_cortex.o ABSOLUTE
    ../Drivers/STM32F1xx_HAL_Driver/Src/stm32f1xx_hal_dma.c 0x00000000   Number         0  stm32f1xx_hal_dma.o ABSOLUTE
    ../Drivers/STM32F1xx_HAL_Driver/Src/stm32f1xx_hal_flash.c 0x00000000   Number         0  stm32f1xx_hal_flash.o ABSOLUTE
    ../Drivers/STM32F1xx_HAL_Driver/Src/stm32f1xx_hal_flash_ex.c 0x00000000   Number         0  stm32f1xx_hal_flash_ex.o ABSOLUTE
    ../Drivers/STM32F1xx_HAL_Driver/Src/stm32f1xx_hal_gpio.c 0x00000000   Number         0  stm32f1xx_hal_gpio.o ABSOLUTE
    ../Drivers/STM32F1xx_HAL_Driver/Src/stm32f1xx_hal_gpio_ex.c 0x00000000   Number         0  stm32f1xx_hal_gpio_ex.o ABSOLUTE
    ../Drivers/STM32F1xx_HAL_Driver/Src/stm32f1xx_hal_pwr.c 0x00000000   Number         0  stm32f1xx_hal_pwr.o ABSOLUTE
    ../Drivers/STM32F1xx_HAL_Driver/Src/stm32f1xx_hal_rcc.c 0x00000000   Number         0  stm32f1xx_hal_rcc.o ABSOLUTE
    ../Drivers/STM32F1xx_HAL_Driver/Src/stm32f1xx_hal_rcc_ex.c 0x00000000   Number         0  stm32f1xx_hal_rcc_ex.o ABSOLUTE
    ../Drivers/STM32F1xx_HAL_Driver/Src/stm32f1xx_hal_tim.c 0x00000000   Number         0  stm32f1xx_hal_tim.o ABSOLUTE
    ../Drivers/STM32F1xx_HAL_Driver/Src/stm32f1xx_hal_tim_ex.c 0x00000000   Number         0  stm32f1xx_hal_tim_ex.o ABSOLUTE
    ../Drivers/STM32F1xx_HAL_Driver/Src/stm32f1xx_hal_uart.c 0x00000000   Number         0  stm32f1xx_hal_uart.o ABSOLUTE
    ../Src/gpio.c                            0x00000000   Number         0  gpio.o ABSOLUTE
    ../Src/main.c                            0x00000000   Number         0  main.o ABSOLUTE
    ../Src/stm32f1xx_hal_msp.c               0x00000000   Number         0  stm32f1xx_hal_msp.o ABSOLUTE
    ../Src/stm32f1xx_it.c                    0x00000000   Number         0  stm32f1xx_it.o ABSOLUTE
    ../Src/tim.c                             0x00000000   Number         0  tim.o ABSOLUTE
    ../Src/usart.c                           0x00000000   Number         0  usart.o ABSOLUTE
    ../clib/microlib/ctype/toupper.c         0x00000000   Number         0  toupper.o ABSOLUTE
    ../clib/microlib/division.c              0x00000000   Number         0  uldiv.o ABSOLUTE
    ../clib/microlib/division.c              0x00000000   Number         0  uidiv.o ABSOLUTE
    ../clib/microlib/init/entry.s            0x00000000   Number         0  entry9a.o ABSOLUTE
    ../clib/microlib/init/entry.s            0x00000000   Number         0  entry8b.o ABSOLUTE
    ../clib/microlib/init/entry.s            0x00000000   Number         0  entry8a.o ABSOLUTE
    ../clib/microlib/init/entry.s            0x00000000   Number         0  entry7b.o ABSOLUTE
    ../clib/microlib/init/entry.s            0x00000000   Number         0  entry5.o ABSOLUTE
    ../clib/microlib/init/entry.s            0x00000000   Number         0  entry.o ABSOLUTE
    ../clib/microlib/init/entry.s            0x00000000   Number         0  entry2.o ABSOLUTE
    ../clib/microlib/init/entry.s            0x00000000   Number         0  entry7a.o ABSOLUTE
    ../clib/microlib/init/entry.s            0x00000000   Number         0  entry10a.o ABSOLUTE
    ../clib/microlib/init/entry.s            0x00000000   Number         0  entry11a.o ABSOLUTE
    ../clib/microlib/init/entry.s            0x00000000   Number         0  entry10b.o ABSOLUTE
    ../clib/microlib/init/entry.s            0x00000000   Number         0  entry9b.o ABSOLUTE
    ../clib/microlib/init/entry.s            0x00000000   Number         0  entry11b.o ABSOLUTE
    ../clib/microlib/longlong.c              0x00000000   Number         0  llsshr.o ABSOLUTE
    ../clib/microlib/longlong.c              0x00000000   Number         0  llshl.o ABSOLUTE
    ../clib/microlib/longlong.c              0x00000000   Number         0  llushr.o ABSOLUTE
    ../clib/microlib/malloc/malloc.c         0x00000000   Number         0  mallocra.o ABSOLUTE
    ../clib/microlib/malloc/malloc.c         0x00000000   Number         0  malloca.o ABSOLUTE
    ../clib/microlib/malloc/malloc.c         0x00000000   Number         0  mallocr.o ABSOLUTE
    ../clib/microlib/malloc/malloc.c         0x00000000   Number         0  malloc.o ABSOLUTE
    ../clib/microlib/malloc/mvars.c          0x00000000   Number         0  mvars.o ABSOLUTE
    ../clib/microlib/printf/printf.c         0x00000000   Number         0  printfa.o ABSOLUTE
    ../clib/microlib/printf/printf.c         0x00000000   Number         0  printf8.o ABSOLUTE
    ../clib/microlib/printf/printf.c         0x00000000   Number         0  printf7.o ABSOLUTE
    ../clib/microlib/printf/printf.c         0x00000000   Number         0  printf6.o ABSOLUTE
    ../clib/microlib/printf/printf.c         0x00000000   Number         0  printf5.o ABSOLUTE
    ../clib/microlib/printf/printf.c         0x00000000   Number         0  printf4.o ABSOLUTE
    ../clib/microlib/printf/printf.c         0x00000000   Number         0  printf3.o ABSOLUTE
    ../clib/microlib/printf/printf.c         0x00000000   Number         0  printf2.o ABSOLUTE
    ../clib/microlib/printf/printf.c         0x00000000   Number         0  printfb.o ABSOLUTE
    ../clib/microlib/printf/printf.c         0x00000000   Number         0  printf0.o ABSOLUTE
    ../clib/microlib/printf/printf.c         0x00000000   Number         0  printf1.o ABSOLUTE
    ../clib/microlib/printf/stubs.s          0x00000000   Number         0  stubs.o ABSOLUTE
    ../clib/microlib/stdio/streams.c         0x00000000   Number         0  stdout.o ABSOLUTE
    ../clib/microlib/string/memcpy.c         0x00000000   Number         0  memcpya.o ABSOLUTE
    ../clib/microlib/string/memcpy.c         0x00000000   Number         0  memcpyb.o ABSOLUTE
    ../clib/microlib/string/memset.c         0x00000000   Number         0  memseta.o ABSOLUTE
    ../clib/microlib/string/strlen.c         0x00000000   Number         0  strlen.o ABSOLUTE
    ../clib/microlib/stubs.s                 0x00000000   Number         0  iusefp.o ABSOLUTE
    ../fplib/microlib/fpadd.c                0x00000000   Number         0  fadd.o ABSOLUTE
    ../fplib/microlib/fpadd.c                0x00000000   Number         0  dadd.o ABSOLUTE
    ../fplib/microlib/fpdiv.c                0x00000000   Number         0  fdiv.o ABSOLUTE
    ../fplib/microlib/fpdiv.c                0x00000000   Number         0  ddiv.o ABSOLUTE
    ../fplib/microlib/fpepilogue.c           0x00000000   Number         0  depilogue.o ABSOLUTE
    ../fplib/microlib/fpepilogue.c           0x00000000   Number         0  fepilogue.o ABSOLUTE
    ../fplib/microlib/fpfix.c                0x00000000   Number         0  ffixui.o ABSOLUTE
    ../fplib/microlib/fpfix.c                0x00000000   Number         0  dfixul.o ABSOLUTE
    ../fplib/microlib/fpflt.c                0x00000000   Number         0  ffltui.o ABSOLUTE
    ../fplib/microlib/fpmul.c                0x00000000   Number         0  dmul.o ABSOLUTE
    ../fplib/microlib/fpmul.c                0x00000000   Number         0  fmul.o ABSOLUTE
    ..\Drivers\STM32F1xx_HAL_Driver\Src\stm32f1xx_hal.c 0x00000000   Number         0  stm32f1xx_hal.o ABSOLUTE
    ..\Drivers\STM32F1xx_HAL_Driver\Src\stm32f1xx_hal_cortex.c 0x00000000   Number         0  stm32f1xx_hal_cortex.o ABSOLUTE
    ..\Drivers\STM32F1xx_HAL_Driver\Src\stm32f1xx_hal_dma.c 0x00000000   Number         0  stm32f1xx_hal_dma.o ABSOLUTE
    ..\Drivers\STM32F1xx_HAL_Driver\Src\stm32f1xx_hal_flash.c 0x00000000   Number         0  stm32f1xx_hal_flash.o ABSOLUTE
    ..\Drivers\STM32F1xx_HAL_Driver\Src\stm32f1xx_hal_flash_ex.c 0x00000000   Number         0  stm32f1xx_hal_flash_ex.o ABSOLUTE
    ..\Drivers\STM32F1xx_HAL_Driver\Src\stm32f1xx_hal_gpio.c 0x00000000   Number         0  stm32f1xx_hal_gpio.o ABSOLUTE
    ..\Drivers\STM32F1xx_HAL_Driver\Src\stm32f1xx_hal_gpio_ex.c 0x00000000   Number         0  stm32f1xx_hal_gpio_ex.o ABSOLUTE
    ..\Drivers\STM32F1xx_HAL_Driver\Src\stm32f1xx_hal_pwr.c 0x00000000   Number         0  stm32f1xx_hal_pwr.o ABSOLUTE
    ..\Drivers\STM32F1xx_HAL_Driver\Src\stm32f1xx_hal_rcc.c 0x00000000   Number         0  stm32f1xx_hal_rcc.o ABSOLUTE
    ..\Drivers\STM32F1xx_HAL_Driver\Src\stm32f1xx_hal_rcc_ex.c 0x00000000   Number         0  stm32f1xx_hal_rcc_ex.o ABSOLUTE
    ..\Drivers\STM32F1xx_HAL_Driver\Src\stm32f1xx_hal_tim.c 0x00000000   Number         0  stm32f1xx_hal_tim.o ABSOLUTE
    ..\Drivers\STM32F1xx_HAL_Driver\Src\stm32f1xx_hal_tim_ex.c 0x00000000   Number         0  stm32f1xx_hal_tim_ex.o ABSOLUTE
    ..\Drivers\STM32F1xx_HAL_Driver\Src\stm32f1xx_hal_uart.c 0x00000000   Number         0  stm32f1xx_hal_uart.o ABSOLUTE
    ..\Gizwits\gizwits_product.c             0x00000000   Number         0  gizwits_product.o ABSOLUTE
    ..\Gizwits\gizwits_protocol.c            0x00000000   Number         0  gizwits_protocol.o ABSOLUTE
    ..\Src\gpio.c                            0x00000000   Number         0  gpio.o ABSOLUTE
    ..\Src\main.c                            0x00000000   Number         0  main.o ABSOLUTE
    ..\Src\stm32f1xx_hal_msp.c               0x00000000   Number         0  stm32f1xx_hal_msp.o ABSOLUTE
    ..\Src\stm32f1xx_it.c                    0x00000000   Number         0  stm32f1xx_it.o ABSOLUTE
    ..\Src\tim.c                             0x00000000   Number         0  tim.o ABSOLUTE
    ..\Src\usart.c                           0x00000000   Number         0  usart.o ABSOLUTE
    ..\Utils\common.c                        0x00000000   Number         0  common.o ABSOLUTE
    ..\Utils\dataPointTools.c                0x00000000   Number         0  datapointtools.o ABSOLUTE
    ..\Utils\ringbuffer.c                    0x00000000   Number         0  ringbuffer.o ABSOLUTE
    ..\\Gizwits\\gizwits_product.c           0x00000000   Number         0  gizwits_product.o ABSOLUTE
    ..\\Gizwits\\gizwits_protocol.c          0x00000000   Number         0  gizwits_protocol.o ABSOLUTE
    ..\\Src\system_stm32f1xx.c               0x00000000   Number         0  system_stm32f1xx.o ABSOLUTE
    cdrcmple.s                               0x00000000   Number         0  cdrcmple.o ABSOLUTE
    dc.s                                     0x00000000   Number         0  dc.o ABSOLUTE
    handlers.s                               0x00000000   Number         0  handlers.o ABSOLUTE
    init.s                                   0x00000000   Number         0  init.o ABSOLUTE
    startup_stm32f103xb.s                    0x00000000   Number         0  startup_stm32f103xb.o ABSOLUTE
    RESET                                    0x08000000   Section      236  startup_stm32f103xb.o(RESET)
    .ARM.Collect$$$$00000000                 0x080000ec   Section        0  entry.o(.ARM.Collect$$$$00000000)
    .ARM.Collect$$$$00000001                 0x080000ec   Section        4  entry2.o(.ARM.Collect$$$$00000001)
    .ARM.Collect$$$$00000004                 0x080000f0   Section        4  entry5.o(.ARM.Collect$$$$00000004)
    .ARM.Collect$$$$00000008                 0x080000f4   Section        0  entry7b.o(.ARM.Collect$$$$00000008)
    .ARM.Collect$$$$0000000A                 0x080000f4   Section        0  entry8b.o(.ARM.Collect$$$$0000000A)
    .ARM.Collect$$$$0000000B                 0x080000f4   Section        8  entry9a.o(.ARM.Collect$$$$0000000B)
    .ARM.Collect$$$$0000000D                 0x080000fc   Section        0  entry10a.o(.ARM.Collect$$$$0000000D)
    .ARM.Collect$$$$0000000F                 0x080000fc   Section        0  entry11a.o(.ARM.Collect$$$$0000000F)
    .ARM.Collect$$$$00002712                 0x080000fc   Section        4  entry2.o(.ARM.Collect$$$$00002712)
    __lit__00000000                          0x080000fc   Data           4  entry2.o(.ARM.Collect$$$$00002712)
    .text                                    0x08000100   Section       36  startup_stm32f103xb.o(.text)
    .text                                    0x08000124   Section        0  llushr.o(.text)
    .text                                    0x08000144   Section        0  memcpya.o(.text)
    .text                                    0x08000168   Section        0  memseta.o(.text)
    .text                                    0x0800018c   Section        0  uldiv.o(.text)
    .text                                    0x080001f0   Section       36  init.o(.text)
    .text                                    0x08000214   Section        0  llshl.o(.text)
    i.BusFault_Handler                       0x08000232   Section        0  stm32f1xx_it.o(i.BusFault_Handler)
    i.DebugMon_Handler                       0x08000234   Section        0  stm32f1xx_it.o(i.DebugMon_Handler)
    i.HAL_DMA_Abort_IT                       0x08000238   Section        0  stm32f1xx_hal_dma.o(i.HAL_DMA_Abort_IT)
    i.HAL_GPIO_Init                          0x080002d0   Section        0  stm32f1xx_hal_gpio.o(i.HAL_GPIO_Init)
    i.HAL_GPIO_WritePin                      0x0800048c   Section        0  stm32f1xx_hal_gpio.o(i.HAL_GPIO_WritePin)
    i.HAL_GetTick                            0x08000498   Section        0  stm32f1xx_hal.o(i.HAL_GetTick)
    i.HAL_IncTick                            0x080004a4   Section        0  stm32f1xx_hal.o(i.HAL_IncTick)
    i.HAL_Init                               0x080004b4   Section        0  stm32f1xx_hal.o(i.HAL_Init)
    i.HAL_InitTick                           0x080004d8   Section        0  stm32f1xx_hal.o(i.HAL_InitTick)
    i.HAL_MspInit                            0x08000518   Section        0  stm32f1xx_hal_msp.o(i.HAL_MspInit)
    i.HAL_NVIC_EnableIRQ                     0x08000598   Section        0  stm32f1xx_hal_cortex.o(i.HAL_NVIC_EnableIRQ)
    i.HAL_NVIC_SetPriority                   0x080005b0   Section        0  stm32f1xx_hal_cortex.o(i.HAL_NVIC_SetPriority)
    i.HAL_NVIC_SetPriorityGrouping           0x080005f0   Section        0  stm32f1xx_hal_cortex.o(i.HAL_NVIC_SetPriorityGrouping)
    i.HAL_NVIC_SystemReset                   0x08000614   Section        0  stm32f1xx_hal_cortex.o(i.HAL_NVIC_SystemReset)
    i.HAL_RCC_ClockConfig                    0x08000638   Section        0  stm32f1xx_hal_rcc.o(i.HAL_RCC_ClockConfig)
    i.HAL_RCC_GetHCLKFreq                    0x0800078c   Section        0  stm32f1xx_hal_rcc.o(i.HAL_RCC_GetHCLKFreq)
    i.HAL_RCC_GetPCLK1Freq                   0x08000798   Section        0  stm32f1xx_hal_rcc.o(i.HAL_RCC_GetPCLK1Freq)
    i.HAL_RCC_GetPCLK2Freq                   0x080007b8   Section        0  stm32f1xx_hal_rcc.o(i.HAL_RCC_GetPCLK2Freq)
    i.HAL_RCC_GetSysClockFreq                0x080007d8   Section        0  stm32f1xx_hal_rcc.o(i.HAL_RCC_GetSysClockFreq)
    i.HAL_RCC_OscConfig                      0x08000844   Section        0  stm32f1xx_hal_rcc.o(i.HAL_RCC_OscConfig)
    i.HAL_SYSTICK_CLKSourceConfig            0x08000b48   Section        0  stm32f1xx_hal_cortex.o(i.HAL_SYSTICK_CLKSourceConfig)
    i.HAL_SYSTICK_Callback                   0x08000b60   Section        0  stm32f1xx_hal_cortex.o(i.HAL_SYSTICK_Callback)
    i.HAL_SYSTICK_Config                     0x08000b62   Section        0  stm32f1xx_hal_cortex.o(i.HAL_SYSTICK_Config)
    i.HAL_SYSTICK_IRQHandler                 0x08000b8a   Section        0  stm32f1xx_hal_cortex.o(i.HAL_SYSTICK_IRQHandler)
    i.HAL_TIMEx_BreakCallback                0x08000b92   Section        0  stm32f1xx_hal_tim_ex.o(i.HAL_TIMEx_BreakCallback)
    i.HAL_TIMEx_CommutationCallback          0x08000b94   Section        0  stm32f1xx_hal_tim_ex.o(i.HAL_TIMEx_CommutationCallback)
    i.HAL_TIMEx_MasterConfigSynchronization  0x08000b96   Section        0  stm32f1xx_hal_tim_ex.o(i.HAL_TIMEx_MasterConfigSynchronization)
    i.HAL_TIM_Base_Init                      0x08000be6   Section        0  stm32f1xx_hal_tim.o(i.HAL_TIM_Base_Init)
    i.HAL_TIM_Base_MspInit                   0x08000c1c   Section        0  tim.o(i.HAL_TIM_Base_MspInit)
    i.HAL_TIM_Base_Start_IT                  0x08000c40   Section        0  stm32f1xx_hal_tim.o(i.HAL_TIM_Base_Start_IT)
    i.HAL_TIM_ConfigClockSource              0x08000c58   Section        0  stm32f1xx_hal_tim.o(i.HAL_TIM_ConfigClockSource)
    i.HAL_TIM_IC_CaptureCallback             0x08000d4a   Section        0  stm32f1xx_hal_tim.o(i.HAL_TIM_IC_CaptureCallback)
    i.HAL_TIM_IRQHandler                     0x08000d4c   Section        0  stm32f1xx_hal_tim.o(i.HAL_TIM_IRQHandler)
    i.HAL_TIM_OC_DelayElapsedCallback        0x08000eb2   Section        0  stm32f1xx_hal_tim.o(i.HAL_TIM_OC_DelayElapsedCallback)
    i.HAL_TIM_PWM_PulseFinishedCallback      0x08000eb4   Section        0  stm32f1xx_hal_tim.o(i.HAL_TIM_PWM_PulseFinishedCallback)
    i.HAL_TIM_PeriodElapsedCallback          0x08000eb8   Section        0  gizwits_product.o(i.HAL_TIM_PeriodElapsedCallback)
    i.HAL_TIM_TriggerCallback                0x08000ec8   Section        0  stm32f1xx_hal_tim.o(i.HAL_TIM_TriggerCallback)
    i.HAL_UART_ErrorCallback                 0x08000eca   Section        0  stm32f1xx_hal_uart.o(i.HAL_UART_ErrorCallback)
    i.HAL_UART_IRQHandler                    0x08000ecc   Section        0  stm32f1xx_hal_uart.o(i.HAL_UART_IRQHandler)
    i.HAL_UART_Init                          0x08000fdc   Section        0  stm32f1xx_hal_uart.o(i.HAL_UART_Init)
    i.HAL_UART_MspInit                       0x08001040   Section        0  usart.o(i.HAL_UART_MspInit)
    i.HAL_UART_Receive_IT                    0x08001114   Section        0  stm32f1xx_hal_uart.o(i.HAL_UART_Receive_IT)
    i.HAL_UART_RxCpltCallback                0x08001168   Section        0  gizwits_product.o(i.HAL_UART_RxCpltCallback)
    i.HAL_UART_Transmit                      0x08001198   Section        0  stm32f1xx_hal_uart.o(i.HAL_UART_Transmit)
    i.HAL_UART_Transmit_IT                   0x08001252   Section        0  stm32f1xx_hal_uart.o(i.HAL_UART_Transmit_IT)
    i.HAL_UART_TxCpltCallback                0x08001290   Section        0  stm32f1xx_hal_uart.o(i.HAL_UART_TxCpltCallback)
    i.HardFault_Handler                      0x08001292   Section        0  stm32f1xx_it.o(i.HardFault_Handler)
    i.MX_GPIO_Init                           0x08001294   Section        0  gpio.o(i.MX_GPIO_Init)
    i.MX_TIM2_Init                           0x08001330   Section        0  tim.o(i.MX_TIM2_Init)
    i.MX_USART1_UART_Init                    0x080013a4   Section        0  usart.o(i.MX_USART1_UART_Init)
    i.MX_USART2_UART_Init                    0x080013f0   Section        0  usart.o(i.MX_USART2_UART_Init)
    i.MX_USART3_UART_Init                    0x0800143c   Section        0  usart.o(i.MX_USART3_UART_Init)
    i.MemManage_Handler                      0x08001488   Section        0  stm32f1xx_it.o(i.MemManage_Handler)
    i.NMI_Handler                            0x0800148a   Section        0  stm32f1xx_it.o(i.NMI_Handler)
    i.NVIC_SetPriority                       0x0800148c   Section        0  stm32f1xx_hal_cortex.o(i.NVIC_SetPriority)
    NVIC_SetPriority                         0x0800148d   Thumb Code    32  stm32f1xx_hal_cortex.o(i.NVIC_SetPriority)
    i.PendSV_Handler                         0x080014ac   Section        0  stm32f1xx_it.o(i.PendSV_Handler)
    i.SVC_Handler                            0x080014ae   Section        0  stm32f1xx_it.o(i.SVC_Handler)
    i.SysTick_Handler                        0x080014b0   Section        0  stm32f1xx_it.o(i.SysTick_Handler)
    i.SystemClock_Config                     0x080014be   Section        0  main.o(i.SystemClock_Config)
    i.SystemInit                             0x08001528   Section        0  system_stm32f1xx.o(i.SystemInit)
    i.TIM2_IRQHandler                        0x08001570   Section        0  stm32f1xx_it.o(i.TIM2_IRQHandler)
    i.TIM_Base_SetConfig                     0x0800157c   Section        0  stm32f1xx_hal_tim.o(i.TIM_Base_SetConfig)
    i.TIM_ETR_SetConfig                      0x080015e8   Section        0  stm32f1xx_hal_tim.o(i.TIM_ETR_SetConfig)
    TIM_ETR_SetConfig                        0x080015e9   Thumb Code    20  stm32f1xx_hal_tim.o(i.TIM_ETR_SetConfig)
    i.TIM_ITRx_SetConfig                     0x080015fc   Section        0  stm32f1xx_hal_tim.o(i.TIM_ITRx_SetConfig)
    TIM_ITRx_SetConfig                       0x080015fd   Thumb Code    16  stm32f1xx_hal_tim.o(i.TIM_ITRx_SetConfig)
    i.TIM_TI1_ConfigInputStage               0x0800160c   Section        0  stm32f1xx_hal_tim.o(i.TIM_TI1_ConfigInputStage)
    TIM_TI1_ConfigInputStage                 0x0800160d   Thumb Code    34  stm32f1xx_hal_tim.o(i.TIM_TI1_ConfigInputStage)
    i.TIM_TI2_ConfigInputStage               0x0800162e   Section        0  stm32f1xx_hal_tim.o(i.TIM_TI2_ConfigInputStage)
    TIM_TI2_ConfigInputStage                 0x0800162f   Thumb Code    36  stm32f1xx_hal_tim.o(i.TIM_TI2_ConfigInputStage)
    i.UART_DMAAbortOnError                   0x08001652   Section        0  stm32f1xx_hal_uart.o(i.UART_DMAAbortOnError)
    UART_DMAAbortOnError                     0x08001653   Thumb Code    16  stm32f1xx_hal_uart.o(i.UART_DMAAbortOnError)
    i.UART_EndRxTransfer                     0x08001662   Section        0  stm32f1xx_hal_uart.o(i.UART_EndRxTransfer)
    UART_EndRxTransfer                       0x08001663   Thumb Code    28  stm32f1xx_hal_uart.o(i.UART_EndRxTransfer)
    i.UART_Receive_IT                        0x0800167e   Section        0  stm32f1xx_hal_uart.o(i.UART_Receive_IT)
    UART_Receive_IT                          0x0800167f   Thumb Code   150  stm32f1xx_hal_uart.o(i.UART_Receive_IT)
    i.UART_SetConfig                         0x08001714   Section        0  stm32f1xx_hal_uart.o(i.UART_SetConfig)
    UART_SetConfig                           0x08001715   Thumb Code   364  stm32f1xx_hal_uart.o(i.UART_SetConfig)
    i.UART_Transmit_IT                       0x08001884   Section        0  stm32f1xx_hal_uart.o(i.UART_Transmit_IT)
    UART_Transmit_IT                         0x08001885   Thumb Code    98  stm32f1xx_hal_uart.o(i.UART_Transmit_IT)
    i.UART_WaitOnFlagUntilTimeout            0x080018e6   Section        0  stm32f1xx_hal_uart.o(i.UART_WaitOnFlagUntilTimeout)
    UART_WaitOnFlagUntilTimeout              0x080018e7   Thumb Code   100  stm32f1xx_hal_uart.o(i.UART_WaitOnFlagUntilTimeout)
    i.USART1_IRQHandler                      0x0800194c   Section        0  stm32f1xx_it.o(i.USART1_IRQHandler)
    i.USART2_IRQHandler                      0x08001958   Section        0  stm32f1xx_it.o(i.USART2_IRQHandler)
    i.UsageFault_Handler                     0x08001964   Section        0  stm32f1xx_it.o(i.UsageFault_Handler)
    i._Error_Handler                         0x08001966   Section        0  main.o(i._Error_Handler)
    i.__0printf$8                            0x08001968   Section        0  printf8.o(i.__0printf$8)
    i.__scatterload_copy                     0x08001988   Section       14  handlers.o(i.__scatterload_copy)
    i.__scatterload_null                     0x08001996   Section        2  handlers.o(i.__scatterload_null)
    i.__scatterload_zeroinit                 0x08001998   Section       14  handlers.o(i.__scatterload_zeroinit)
    i._printf_core                           0x080019a8   Section        0  printf8.o(i._printf_core)
    _printf_core                             0x080019a9   Thumb Code   996  printf8.o(i._printf_core)
    i._printf_post_padding                   0x08001db8   Section        0  printf8.o(i._printf_post_padding)
    _printf_post_padding                     0x08001db9   Thumb Code    36  printf8.o(i._printf_post_padding)
    i._printf_pre_padding                    0x08001ddc   Section        0  printf8.o(i._printf_pre_padding)
    _printf_pre_padding                      0x08001ddd   Thumb Code    46  printf8.o(i._printf_pre_padding)
    i.calculateDynamicBitPartLen             0x08001e0a   Section        0  gizwits_protocol.o(i.calculateDynamicBitPartLen)
    i.exchangeBytes                          0x08001e18   Section        0  common.o(i.exchangeBytes)
    i.exchangeWord                           0x08001e28   Section        0  common.o(i.exchangeWord)
    i.fputc                                  0x08001e2c   Section        0  gizwits_product.o(i.fputc)
    i.free                                   0x08001e44   Section        0  malloc.o(i.free)
    i.gizAcrossByteJudge                     0x08001e94   Section        0  datapointtools.o(i.gizAcrossByteJudge)
    i.gizByteOrderExchange                   0x08001eb2   Section        0  datapointtools.o(i.gizByteOrderExchange)
    i.gizCheckReport                         0x08001ed8   Section        0  gizwits_protocol.o(i.gizCheckReport)
    gizCheckReport                           0x08001ed9   Thumb Code 24702  gizwits_protocol.o(i.gizCheckReport)
    i.gizDataPoint2Event                     0x080080b4   Section        0  gizwits_protocol.o(i.gizDataPoint2Event)
    gizDataPoint2Event                       0x080080b5   Thumb Code   130  gizwits_protocol.o(i.gizDataPoint2Event)
    i.gizDataPoints2ReportData               0x08008180   Section        0  gizwits_protocol.o(i.gizDataPoints2ReportData)
    gizDataPoints2ReportData                 0x08008181   Thumb Code  9902  gizwits_protocol.o(i.gizDataPoints2ReportData)
    i.gizDevReportPolicy                     0x0800a860   Section        0  gizwits_protocol.o(i.gizDevReportPolicy)
    gizDevReportPolicy                       0x0800a861   Thumb Code   166  gizwits_protocol.o(i.gizDevReportPolicy)
    i.gizGetTimerCount                       0x0800a94c   Section        0  gizwits_product.o(i.gizGetTimerCount)
    i.gizProtocolAckHandle                   0x0800a958   Section        0  gizwits_protocol.o(i.gizProtocolAckHandle)
    gizProtocolAckHandle                     0x0800a959   Thumb Code    84  gizwits_protocol.o(i.gizProtocolAckHandle)
    i.gizProtocolCommonAck                   0x0800a9dc   Section        0  gizwits_protocol.o(i.gizProtocolCommonAck)
    gizProtocolCommonAck                     0x0800a9dd   Thumb Code    80  gizwits_protocol.o(i.gizProtocolCommonAck)
    i.gizProtocolErrorCmd                    0x0800aa74   Section        0  gizwits_protocol.o(i.gizProtocolErrorCmd)
    gizProtocolErrorCmd                      0x0800aa75   Thumb Code    88  gizwits_protocol.o(i.gizProtocolErrorCmd)
    i.gizProtocolGetDeviceInfo               0x0800ab14   Section        0  gizwits_protocol.o(i.gizProtocolGetDeviceInfo)
    gizProtocolGetDeviceInfo                 0x0800ab15   Thumb Code   180  gizwits_protocol.o(i.gizProtocolGetDeviceInfo)
    i.gizProtocolGetOnePacket                0x0800ac8c   Section        0  gizwits_protocol.o(i.gizProtocolGetOnePacket)
    gizProtocolGetOnePacket                  0x0800ac8d   Thumb Code   298  gizwits_protocol.o(i.gizProtocolGetOnePacket)
    i.gizProtocolHeadInit                    0x0800adec   Section        0  gizwits_protocol.o(i.gizProtocolHeadInit)
    gizProtocolHeadInit                      0x0800aded   Thumb Code    32  gizwits_protocol.o(i.gizProtocolHeadInit)
    i.gizProtocolIssuedDataAck               0x0800ae38   Section        0  gizwits_protocol.o(i.gizProtocolIssuedDataAck)
    gizProtocolIssuedDataAck                 0x0800ae39   Thumb Code   202  gizwits_protocol.o(i.gizProtocolIssuedDataAck)
    i.gizProtocolIssuedProcess               0x0800af5c   Section        0  gizwits_protocol.o(i.gizProtocolIssuedProcess)
    gizProtocolIssuedProcess                 0x0800af5d   Thumb Code   226  gizwits_protocol.o(i.gizProtocolIssuedProcess)
    i.gizProtocolModuleStatus                0x0800b0c8   Section        0  gizwits_protocol.o(i.gizProtocolModuleStatus)
    gizProtocolModuleStatus                  0x0800b0c9   Thumb Code   578  gizwits_protocol.o(i.gizProtocolModuleStatus)
    i.gizProtocolNTP                         0x0800b4e0   Section        0  gizwits_protocol.o(i.gizProtocolNTP)
    gizProtocolNTP                           0x0800b4e1   Thumb Code    92  gizwits_protocol.o(i.gizProtocolNTP)
    i.gizProtocolResendData                  0x0800b558   Section        0  gizwits_protocol.o(i.gizProtocolResendData)
    gizProtocolResendData                    0x0800b559   Thumb Code    54  gizwits_protocol.o(i.gizProtocolResendData)
    i.gizProtocolSum                         0x0800b5cc   Section        0  common.o(i.gizProtocolSum)
    i.gizProtocolWaitAck                     0x0800b5f0   Section        0  gizwits_protocol.o(i.gizProtocolWaitAck)
    gizProtocolWaitAck                       0x0800b5f1   Thumb Code    66  gizwits_protocol.o(i.gizProtocolWaitAck)
    i.gizProtocolWaitAckCheck                0x0800b654   Section        0  gizwits_protocol.o(i.gizProtocolWaitAckCheck)
    gizProtocolWaitAckCheck                  0x0800b655   Thumb Code    44  gizwits_protocol.o(i.gizProtocolWaitAckCheck)
    i.gizPutData                             0x0800b69c   Section        0  gizwits_protocol.o(i.gizPutData)
    i.gizReportData                          0x0800b704   Section        0  gizwits_protocol.o(i.gizReportData)
    gizReportData                            0x0800b705   Thumb Code   144  gizwits_protocol.o(i.gizReportData)
    i.gizTimerMs                             0x0800b7dc   Section        0  gizwits_product.o(i.gizTimerMs)
    i.gizVarlenCompressValue                 0x0800b7ec   Section        0  datapointtools.o(i.gizVarlenCompressValue)
    i.gizVarlenDecompressionValue            0x0800b838   Section        0  datapointtools.o(i.gizVarlenDecompressionValue)
    i.gizY2X                                 0x0800b8c0   Section        0  datapointtools.o(i.gizY2X)
    i.gizwitsEventProcess                    0x0800b8c8   Section        0  gizwits_product.o(i.gizwitsEventProcess)
    i.gizwitsHandle                          0x0800b9fc   Section        0  gizwits_protocol.o(i.gizwitsHandle)
    i.gizwitsInit                            0x0800bd50   Section        0  gizwits_protocol.o(i.gizwitsInit)
    i.main                                   0x0800bdb0   Section        0  main.o(i.main)
    i.mcuRestart                             0x0800be28   Section        0  gizwits_product.o(i.mcuRestart)
    i.rbCanRead                              0x0800be32   Section        0  ringbuffer.o(i.rbCanRead)
    i.rbCanWrite                             0x0800be64   Section        0  ringbuffer.o(i.rbCanWrite)
    i.rbCapacity                             0x0800be80   Section        0  ringbuffer.o(i.rbCapacity)
    i.rbCreate                               0x0800be8c   Section        0  ringbuffer.o(i.rbCreate)
    i.rbRead                                 0x0800be9e   Section        0  ringbuffer.o(i.rbRead)
    i.rbWrite                                0x0800bf1c   Section        0  ringbuffer.o(i.rbWrite)
    i.timerInit                              0x0800bfac   Section        0  gizwits_product.o(i.timerInit)
    i.uartInit                               0x0800bfb8   Section        0  gizwits_product.o(i.uartInit)
    i.uartWrite                              0x0800bfcc   Section        0  gizwits_product.o(i.uartWrite)
    i.userHandle                             0x0800c084   Section        0  gizwits_product.o(i.userHandle)
    i.userInit                               0x0800c088   Section        0  gizwits_product.o(i.userInit)
    .constdata                               0x0800c098   Section       16  system_stm32f1xx.o(.constdata)
    .constdata                               0x0800c0a8   Section        8  system_stm32f1xx.o(.constdata)
    .data                                    0x20000000   Section        8  gizwits_product.o(.data)
    timerMsCount                             0x20000004   Data           4  gizwits_product.o(.data)
    .data                                    0x20000008   Section       16  gizwits_protocol.o(.data)
    protocolFlag                             0x20000008   Data           1  gizwits_protocol.o(.data)
    lastData                                 0x20000009   Data           1  gizwits_protocol.o(.data)
    debugCount                               0x2000000a   Data           1  gizwits_protocol.o(.data)
    protocolCount                            0x2000000c   Data           2  gizwits_protocol.o(.data)
    lastStatus                               0x2000000e   Data           2  gizwits_protocol.o(.data)
    lastReportTime                           0x20000010   Data           4  gizwits_protocol.o(.data)
    lastRepTime                              0x20000014   Data           4  gizwits_protocol.o(.data)
    .data                                    0x20000018   Section        4  system_stm32f1xx.o(.data)
    .data                                    0x2000001c   Section       12  stm32f1xx_hal.o(.data)
    .data                                    0x20000028   Section        4  stdout.o(.data)
    .data                                    0x2000002c   Section        4  mvars.o(.data)
    .bss                                     0x20000030   Section      811  gizwits_product.o(.bss)
    .bss                                     0x2000035b   Section     4000  gizwits_protocol.o(.bss)
    rbBuf                                    0x2000102b   Data         720  gizwits_protocol.o(.bss)
    .bss                                     0x200012fc   Section      192  usart.o(.bss)
    .bss                                     0x200013bc   Section       64  tim.o(.bss)
    STACK                                    0x20001400   Section     8192  startup_stm32f103xb.o(STACK)

    Global Symbols

    Symbol Name                              Value     Ov Type        Size  Object(Section)

    BuildAttributes$$THM_ISAv4$P$D$K$B$S$PE$A:L22UL41UL21$X:L11$S22US41US21$IEEE1$IW$USESV6$~STKCKD$USESV7$~SHL$OTIME$ROPI$EBA8$MICROLIB$REQ8$PRES8$EABIv2 0x00000000   Number         0  anon$$obj.o ABSOLUTE
    __ARM_use_no_argv                        0x00000000   Number         0  main.o ABSOLUTE
    _printf_a                                0x00000000   Number         0  stubs.o ABSOLUTE
    _printf_c                                0x00000000   Number         0  stubs.o ABSOLUTE
    _printf_charcount                        0x00000000   Number         0  stubs.o ABSOLUTE
    _printf_d                                0x00000000   Number         0  stubs.o ABSOLUTE
    _printf_e                                0x00000000   Number         0  stubs.o ABSOLUTE
    _printf_f                                0x00000000   Number         0  stubs.o ABSOLUTE
    _printf_flags                            0x00000000   Number         0  stubs.o ABSOLUTE
    _printf_fp_dec                           0x00000000   Number         0  stubs.o ABSOLUTE
    _printf_fp_hex                           0x00000000   Number         0  stubs.o ABSOLUTE
    _printf_g                                0x00000000   Number         0  stubs.o ABSOLUTE
    _printf_i                                0x00000000   Number         0  stubs.o ABSOLUTE
    _printf_int_dec                          0x00000000   Number         0  stubs.o ABSOLUTE
    _printf_l                                0x00000000   Number         0  stubs.o ABSOLUTE
    _printf_lc                               0x00000000   Number         0  stubs.o ABSOLUTE
    _printf_ll                               0x00000000   Number         0  stubs.o ABSOLUTE
    _printf_lld                              0x00000000   Number         0  stubs.o ABSOLUTE
    _printf_lli                              0x00000000   Number         0  stubs.o ABSOLUTE
    _printf_llo                              0x00000000   Number         0  stubs.o ABSOLUTE
    _printf_llu                              0x00000000   Number         0  stubs.o ABSOLUTE
    _printf_llx                              0x00000000   Number         0  stubs.o ABSOLUTE
    _printf_longlong_dec                     0x00000000   Number         0  stubs.o ABSOLUTE
    _printf_longlong_hex                     0x00000000   Number         0  stubs.o ABSOLUTE
    _printf_longlong_oct                     0x00000000   Number         0  stubs.o ABSOLUTE
    _printf_ls                               0x00000000   Number         0  stubs.o ABSOLUTE
    _printf_mbtowc                           0x00000000   Number         0  stubs.o ABSOLUTE
    _printf_n                                0x00000000   Number         0  stubs.o ABSOLUTE
    _printf_o                                0x00000000   Number         0  stubs.o ABSOLUTE
    _printf_p                                0x00000000   Number         0  stubs.o ABSOLUTE
    _printf_percent                          0x00000000   Number         0  stubs.o ABSOLUTE
    _printf_pre_padding                      0x00000000   Number         0  stubs.o ABSOLUTE
    _printf_return_value                     0x00000000   Number         0  stubs.o ABSOLUTE
    _printf_s                                0x00000000   Number         0  stubs.o ABSOLUTE
    _printf_sizespec                         0x00000000   Number         0  stubs.o ABSOLUTE
    _printf_str                              0x00000000   Number         0  stubs.o ABSOLUTE
    _printf_truncate_signed                  0x00000000   Number         0  stubs.o ABSOLUTE
    _printf_truncate_unsigned                0x00000000   Number         0  stubs.o ABSOLUTE
    _printf_u                                0x00000000   Number         0  stubs.o ABSOLUTE
    _printf_wc                               0x00000000   Number         0  stubs.o ABSOLUTE
    _printf_wctomb                           0x00000000   Number         0  stubs.o ABSOLUTE
    _printf_widthprec                        0x00000000   Number         0  stubs.o ABSOLUTE
    _printf_x                                0x00000000   Number         0  stubs.o ABSOLUTE
    __cpp_initialize__aeabi_                  - Undefined Weak Reference
    __cxa_finalize                            - Undefined Weak Reference
    __decompress                              - Undefined Weak Reference
    _clock_init                               - Undefined Weak Reference
    _microlib_exit                            - Undefined Weak Reference
    __Vectors_Size                           0x000000ec   Number         0  startup_stm32f103xb.o ABSOLUTE
    __Vectors                                0x08000000   Data           4  startup_stm32f103xb.o(RESET)
    __Vectors_End                            0x080000ec   Data           0  startup_stm32f103xb.o(RESET)
    __main                                   0x080000ed   Thumb Code     0  entry.o(.ARM.Collect$$$$00000000)
    _main_stk                                0x080000ed   Thumb Code     0  entry2.o(.ARM.Collect$$$$00000001)
    _main_scatterload                        0x080000f1   Thumb Code     0  entry5.o(.ARM.Collect$$$$00000004)
    __main_after_scatterload                 0x080000f5   Thumb Code     0  entry5.o(.ARM.Collect$$$$00000004)
    _main_clock                              0x080000f5   Thumb Code     0  entry7b.o(.ARM.Collect$$$$00000008)
    _main_cpp_init                           0x080000f5   Thumb Code     0  entry8b.o(.ARM.Collect$$$$0000000A)
    _main_init                               0x080000f5   Thumb Code     0  entry9a.o(.ARM.Collect$$$$0000000B)
    __rt_final_cpp                           0x080000fd   Thumb Code     0  entry10a.o(.ARM.Collect$$$$0000000D)
    __rt_final_exit                          0x080000fd   Thumb Code     0  entry11a.o(.ARM.Collect$$$$0000000F)
    Reset_Handler                            0x08000101   Thumb Code     8  startup_stm32f103xb.o(.text)
    ADC1_2_IRQHandler                        0x0800011b   Thumb Code     0  startup_stm32f103xb.o(.text)
    CAN1_RX1_IRQHandler                      0x0800011b   Thumb Code     0  startup_stm32f103xb.o(.text)
    CAN1_SCE_IRQHandler                      0x0800011b   Thumb Code     0  startup_stm32f103xb.o(.text)
    DMA1_Channel1_IRQHandler                 0x0800011b   Thumb Code     0  startup_stm32f103xb.o(.text)
    DMA1_Channel2_IRQHandler                 0x0800011b   Thumb Code     0  startup_stm32f103xb.o(.text)
    DMA1_Channel3_IRQHandler                 0x0800011b   Thumb Code     0  startup_stm32f103xb.o(.text)
    DMA1_Channel4_IRQHandler                 0x0800011b   Thumb Code     0  startup_stm32f103xb.o(.text)
    DMA1_Channel5_IRQHandler                 0x0800011b   Thumb Code     0  startup_stm32f103xb.o(.text)
    DMA1_Channel6_IRQHandler                 0x0800011b   Thumb Code     0  startup_stm32f103xb.o(.text)
    DMA1_Channel7_IRQHandler                 0x0800011b   Thumb Code     0  startup_stm32f103xb.o(.text)
    EXTI0_IRQHandler                         0x0800011b   Thumb Code     0  startup_stm32f103xb.o(.text)
    EXTI15_10_IRQHandler                     0x0800011b   Thumb Code     0  startup_stm32f103xb.o(.text)
    EXTI1_IRQHandler                         0x0800011b   Thumb Code     0  startup_stm32f103xb.o(.text)
    EXTI2_IRQHandler                         0x0800011b   Thumb Code     0  startup_stm32f103xb.o(.text)
    EXTI3_IRQHandler                         0x0800011b   Thumb Code     0  startup_stm32f103xb.o(.text)
    EXTI4_IRQHandler                         0x0800011b   Thumb Code     0  startup_stm32f103xb.o(.text)
    EXTI9_5_IRQHandler                       0x0800011b   Thumb Code     0  startup_stm32f103xb.o(.text)
    FLASH_IRQHandler                         0x0800011b   Thumb Code     0  startup_stm32f103xb.o(.text)
    I2C1_ER_IRQHandler                       0x0800011b   Thumb Code     0  startup_stm32f103xb.o(.text)
    I2C1_EV_IRQHandler                       0x0800011b   Thumb Code     0  startup_stm32f103xb.o(.text)
    I2C2_ER_IRQHandler                       0x0800011b   Thumb Code     0  startup_stm32f103xb.o(.text)
    I2C2_EV_IRQHandler                       0x0800011b   Thumb Code     0  startup_stm32f103xb.o(.text)
    PVD_IRQHandler                           0x0800011b   Thumb Code     0  startup_stm32f103xb.o(.text)
    RCC_IRQHandler                           0x0800011b   Thumb Code     0  startup_stm32f103xb.o(.text)
    RTC_Alarm_IRQHandler                     0x0800011b   Thumb Code     0  startup_stm32f103xb.o(.text)
    RTC_IRQHandler                           0x0800011b   Thumb Code     0  startup_stm32f103xb.o(.text)
    SPI1_IRQHandler                          0x0800011b   Thumb Code     0  startup_stm32f103xb.o(.text)
    SPI2_IRQHandler                          0x0800011b   Thumb Code     0  startup_stm32f103xb.o(.text)
    TAMPER_IRQHandler                        0x0800011b   Thumb Code     0  startup_stm32f103xb.o(.text)
    TIM1_BRK_IRQHandler                      0x0800011b   Thumb Code     0  startup_stm32f103xb.o(.text)
    TIM1_CC_IRQHandler                       0x0800011b   Thumb Code     0  startup_stm32f103xb.o(.text)
    TIM1_TRG_COM_IRQHandler                  0x0800011b   Thumb Code     0  startup_stm32f103xb.o(.text)
    TIM1_UP_IRQHandler                       0x0800011b   Thumb Code     0  startup_stm32f103xb.o(.text)
    TIM3_IRQHandler                          0x0800011b   Thumb Code     0  startup_stm32f103xb.o(.text)
    TIM4_IRQHandler                          0x0800011b   Thumb Code     0  startup_stm32f103xb.o(.text)
    USART3_IRQHandler                        0x0800011b   Thumb Code     0  startup_stm32f103xb.o(.text)
    USBWakeUp_IRQHandler                     0x0800011b   Thumb Code     0  startup_stm32f103xb.o(.text)
    USB_HP_CAN1_TX_IRQHandler                0x0800011b   Thumb Code     0  startup_stm32f103xb.o(.text)
    USB_LP_CAN1_RX0_IRQHandler               0x0800011b   Thumb Code     0  startup_stm32f103xb.o(.text)
    WWDG_IRQHandler                          0x0800011b   Thumb Code     0  startup_stm32f103xb.o(.text)
    __aeabi_llsr                             0x08000125   Thumb Code    32  llushr.o(.text)
    _ll_ushift_r                             0x08000125   Thumb Code     0  llushr.o(.text)
    __aeabi_memcpy                           0x08000145   Thumb Code    36  memcpya.o(.text)
    __aeabi_memcpy4                          0x08000145   Thumb Code     0  memcpya.o(.text)
    __aeabi_memcpy8                          0x08000145   Thumb Code     0  memcpya.o(.text)
    __aeabi_memset                           0x08000169   Thumb Code    14  memseta.o(.text)
    __aeabi_memset4                          0x08000169   Thumb Code     0  memseta.o(.text)
    __aeabi_memset8                          0x08000169   Thumb Code     0  memseta.o(.text)
    __aeabi_memclr                           0x08000177   Thumb Code     4  memseta.o(.text)
    __aeabi_memclr4                          0x08000177   Thumb Code     0  memseta.o(.text)
    __aeabi_memclr8                          0x08000177   Thumb Code     0  memseta.o(.text)
    _memset$wrapper                          0x0800017b   Thumb Code    18  memseta.o(.text)
    __aeabi_uldivmod                         0x0800018d   Thumb Code    98  uldiv.o(.text)
    __scatterload                            0x080001f1   Thumb Code    28  init.o(.text)
    __scatterload_rt2                        0x080001f1   Thumb Code     0  init.o(.text)
    __aeabi_llsl                             0x08000215   Thumb Code    30  llshl.o(.text)
    _ll_shift_l                              0x08000215   Thumb Code     0  llshl.o(.text)
    BusFault_Handler                         0x08000233   Thumb Code     2  stm32f1xx_it.o(i.BusFault_Handler)
    DebugMon_Handler                         0x08000235   Thumb Code     2  stm32f1xx_it.o(i.DebugMon_Handler)
    HAL_DMA_Abort_IT                         0x08000239   Thumb Code   148  stm32f1xx_hal_dma.o(i.HAL_DMA_Abort_IT)
    HAL_GPIO_Init                            0x080002d1   Thumb Code   408  stm32f1xx_hal_gpio.o(i.HAL_GPIO_Init)
    HAL_GPIO_WritePin                        0x0800048d   Thumb Code    10  stm32f1xx_hal_gpio.o(i.HAL_GPIO_WritePin)
    HAL_GetTick                              0x08000499   Thumb Code     6  stm32f1xx_hal.o(i.HAL_GetTick)
    HAL_IncTick                              0x080004a5   Thumb Code    12  stm32f1xx_hal.o(i.HAL_IncTick)
    HAL_Init                                 0x080004b5   Thumb Code    32  stm32f1xx_hal.o(i.HAL_Init)
    HAL_InitTick                             0x080004d9   Thumb Code    54  stm32f1xx_hal.o(i.HAL_InitTick)
    HAL_MspInit                              0x08000519   Thumb Code   118  stm32f1xx_hal_msp.o(i.HAL_MspInit)
    HAL_NVIC_EnableIRQ                       0x08000599   Thumb Code    22  stm32f1xx_hal_cortex.o(i.HAL_NVIC_EnableIRQ)
    HAL_NVIC_SetPriority                     0x080005b1   Thumb Code    60  stm32f1xx_hal_cortex.o(i.HAL_NVIC_SetPriority)
    HAL_NVIC_SetPriorityGrouping             0x080005f1   Thumb Code    26  stm32f1xx_hal_cortex.o(i.HAL_NVIC_SetPriorityGrouping)
    HAL_NVIC_SystemReset                     0x08000615   Thumb Code    26  stm32f1xx_hal_cortex.o(i.HAL_NVIC_SystemReset)
    HAL_RCC_ClockConfig                      0x08000639   Thumb Code   322  stm32f1xx_hal_rcc.o(i.HAL_RCC_ClockConfig)
    HAL_RCC_GetHCLKFreq                      0x0800078d   Thumb Code     6  stm32f1xx_hal_rcc.o(i.HAL_RCC_GetHCLKFreq)
    HAL_RCC_GetPCLK1Freq                     0x08000799   Thumb Code    20  stm32f1xx_hal_rcc.o(i.HAL_RCC_GetPCLK1Freq)
    HAL_RCC_GetPCLK2Freq                     0x080007b9   Thumb Code    20  stm32f1xx_hal_rcc.o(i.HAL_RCC_GetPCLK2Freq)
    HAL_RCC_GetSysClockFreq                  0x080007d9   Thumb Code    74  stm32f1xx_hal_rcc.o(i.HAL_RCC_GetSysClockFreq)
    HAL_RCC_OscConfig                        0x08000845   Thumb Code   750  stm32f1xx_hal_rcc.o(i.HAL_RCC_OscConfig)
    HAL_SYSTICK_CLKSourceConfig              0x08000b49   Thumb Code    24  stm32f1xx_hal_cortex.o(i.HAL_SYSTICK_CLKSourceConfig)
    HAL_SYSTICK_Callback                     0x08000b61   Thumb Code     2  stm32f1xx_hal_cortex.o(i.HAL_SYSTICK_Callback)
    HAL_SYSTICK_Config                       0x08000b63   Thumb Code    40  stm32f1xx_hal_cortex.o(i.HAL_SYSTICK_Config)
    HAL_SYSTICK_IRQHandler                   0x08000b8b   Thumb Code     8  stm32f1xx_hal_cortex.o(i.HAL_SYSTICK_IRQHandler)
    HAL_TIMEx_BreakCallback                  0x08000b93   Thumb Code     2  stm32f1xx_hal_tim_ex.o(i.HAL_TIMEx_BreakCallback)
    HAL_TIMEx_CommutationCallback            0x08000b95   Thumb Code     2  stm32f1xx_hal_tim_ex.o(i.HAL_TIMEx_CommutationCallback)
    HAL_TIMEx_MasterConfigSynchronization    0x08000b97   Thumb Code    80  stm32f1xx_hal_tim_ex.o(i.HAL_TIMEx_MasterConfigSynchronization)
    HAL_TIM_Base_Init                        0x08000be7   Thumb Code    54  stm32f1xx_hal_tim.o(i.HAL_TIM_Base_Init)
    HAL_TIM_Base_MspInit                     0x08000c1d   Thumb Code    30  tim.o(i.HAL_TIM_Base_MspInit)
    HAL_TIM_Base_Start_IT                    0x08000c41   Thumb Code    24  stm32f1xx_hal_tim.o(i.HAL_TIM_Base_Start_IT)
    HAL_TIM_ConfigClockSource                0x08000c59   Thumb Code   242  stm32f1xx_hal_tim.o(i.HAL_TIM_ConfigClockSource)
    HAL_TIM_IC_CaptureCallback               0x08000d4b   Thumb Code     2  stm32f1xx_hal_tim.o(i.HAL_TIM_IC_CaptureCallback)
    HAL_TIM_IRQHandler                       0x08000d4d   Thumb Code   358  stm32f1xx_hal_tim.o(i.HAL_TIM_IRQHandler)
    HAL_TIM_OC_DelayElapsedCallback          0x08000eb3   Thumb Code     2  stm32f1xx_hal_tim.o(i.HAL_TIM_OC_DelayElapsedCallback)
    HAL_TIM_PWM_PulseFinishedCallback        0x08000eb5   Thumb Code     2  stm32f1xx_hal_tim.o(i.HAL_TIM_PWM_PulseFinishedCallback)
    HAL_TIM_PeriodElapsedCallback            0x08000eb9   Thumb Code    12  gizwits_product.o(i.HAL_TIM_PeriodElapsedCallback)
    HAL_TIM_TriggerCallback                  0x08000ec9   Thumb Code     2  stm32f1xx_hal_tim.o(i.HAL_TIM_TriggerCallback)
    HAL_UART_ErrorCallback                   0x08000ecb   Thumb Code     2  stm32f1xx_hal_uart.o(i.HAL_UART_ErrorCallback)
    HAL_UART_IRQHandler                      0x08000ecd   Thumb Code   266  stm32f1xx_hal_uart.o(i.HAL_UART_IRQHandler)
    HAL_UART_Init                            0x08000fdd   Thumb Code    98  stm32f1xx_hal_uart.o(i.HAL_UART_Init)
    HAL_UART_MspInit                         0x08001041   Thumb Code   188  usart.o(i.HAL_UART_MspInit)
    HAL_UART_Receive_IT                      0x08001115   Thumb Code    82  stm32f1xx_hal_uart.o(i.HAL_UART_Receive_IT)
    HAL_UART_RxCpltCallback                  0x08001169   Thumb Code    34  gizwits_product.o(i.HAL_UART_RxCpltCallback)
    HAL_UART_Transmit                        0x08001199   Thumb Code   186  stm32f1xx_hal_uart.o(i.HAL_UART_Transmit)
    HAL_UART_Transmit_IT                     0x08001253   Thumb Code    62  stm32f1xx_hal_uart.o(i.HAL_UART_Transmit_IT)
    HAL_UART_TxCpltCallback                  0x08001291   Thumb Code     2  stm32f1xx_hal_uart.o(i.HAL_UART_TxCpltCallback)
    HardFault_Handler                        0x08001293   Thumb Code     2  stm32f1xx_it.o(i.HardFault_Handler)
    MX_GPIO_Init                             0x08001295   Thumb Code   144  gpio.o(i.MX_GPIO_Init)
    MX_TIM2_Init                             0x08001331   Thumb Code    96  tim.o(i.MX_TIM2_Init)
    MX_USART1_UART_Init                      0x080013a5   Thumb Code    52  usart.o(i.MX_USART1_UART_Init)
    MX_USART2_UART_Init                      0x080013f1   Thumb Code    52  usart.o(i.MX_USART2_UART_Init)
    MX_USART3_UART_Init                      0x0800143d   Thumb Code    52  usart.o(i.MX_USART3_UART_Init)
    MemManage_Handler                        0x08001489   Thumb Code     2  stm32f1xx_it.o(i.MemManage_Handler)
    NMI_Handler                              0x0800148b   Thumb Code     2  stm32f1xx_it.o(i.NMI_Handler)
    PendSV_Handler                           0x080014ad   Thumb Code     2  stm32f1xx_it.o(i.PendSV_Handler)
    SVC_Handler                              0x080014af   Thumb Code     2  stm32f1xx_it.o(i.SVC_Handler)
    SysTick_Handler                          0x080014b1   Thumb Code    14  stm32f1xx_it.o(i.SysTick_Handler)
    SystemClock_Config                       0x080014bf   Thumb Code   104  main.o(i.SystemClock_Config)
    SystemInit                               0x08001529   Thumb Code    56  system_stm32f1xx.o(i.SystemInit)
    TIM2_IRQHandler                          0x08001571   Thumb Code     6  stm32f1xx_it.o(i.TIM2_IRQHandler)
    TIM_Base_SetConfig                       0x0800157d   Thumb Code    94  stm32f1xx_hal_tim.o(i.TIM_Base_SetConfig)
    USART1_IRQHandler                        0x0800194d   Thumb Code     6  stm32f1xx_it.o(i.USART1_IRQHandler)
    USART2_IRQHandler                        0x08001959   Thumb Code     6  stm32f1xx_it.o(i.USART2_IRQHandler)
    UsageFault_Handler                       0x08001965   Thumb Code     2  stm32f1xx_it.o(i.UsageFault_Handler)
    _Error_Handler                           0x08001967   Thumb Code     2  main.o(i._Error_Handler)
    __0printf$8                              0x08001969   Thumb Code    22  printf8.o(i.__0printf$8)
    __1printf$8                              0x08001969   Thumb Code     0  printf8.o(i.__0printf$8)
    __2printf                                0x08001969   Thumb Code     0  printf8.o(i.__0printf$8)
    __scatterload_copy                       0x08001989   Thumb Code    14  handlers.o(i.__scatterload_copy)
    __scatterload_null                       0x08001997   Thumb Code     2  handlers.o(i.__scatterload_null)
    __scatterload_zeroinit                   0x08001999   Thumb Code    14  handlers.o(i.__scatterload_zeroinit)
    calculateDynamicBitPartLen               0x08001e0b   Thumb Code    14  gizwits_protocol.o(i.calculateDynamicBitPartLen)
    exchangeBytes                            0x08001e19   Thumb Code    16  common.o(i.exchangeBytes)
    exchangeWord                             0x08001e29   Thumb Code     4  common.o(i.exchangeWord)
    fputc                                    0x08001e2d   Thumb Code    20  gizwits_product.o(i.fputc)
    free                                     0x08001e45   Thumb Code    76  malloc.o(i.free)
    gizAcrossByteJudge                       0x08001e95   Thumb Code    30  datapointtools.o(i.gizAcrossByteJudge)
    gizByteOrderExchange                     0x08001eb3   Thumb Code    36  datapointtools.o(i.gizByteOrderExchange)
    gizGetTimerCount                         0x0800a94d   Thumb Code     6  gizwits_product.o(i.gizGetTimerCount)
    gizProtocolSum                           0x0800b5cd   Thumb Code    36  common.o(i.gizProtocolSum)
    gizPutData                               0x0800b69d   Thumb Code    40  gizwits_protocol.o(i.gizPutData)
    gizTimerMs                               0x0800b7dd   Thumb Code    10  gizwits_product.o(i.gizTimerMs)
    gizVarlenCompressValue                   0x0800b7ed   Thumb Code    76  datapointtools.o(i.gizVarlenCompressValue)
    gizVarlenDecompressionValue              0x0800b839   Thumb Code   136  datapointtools.o(i.gizVarlenDecompressionValue)
    gizY2X                                   0x0800b8c1   Thumb Code     8  datapointtools.o(i.gizY2X)
    gizwitsEventProcess                      0x0800b8c9   Thumb Code   142  gizwits_product.o(i.gizwitsEventProcess)
    gizwitsHandle                            0x0800b9fd   Thumb Code   558  gizwits_protocol.o(i.gizwitsHandle)
    gizwitsInit                              0x0800bd51   Thumb Code    46  gizwits_protocol.o(i.gizwitsInit)
    main                                     0x0800bdb1   Thumb Code    96  main.o(i.main)
    mcuRestart                               0x0800be29   Thumb Code    10  gizwits_product.o(i.mcuRestart)
    rbCanRead                                0x0800be33   Thumb Code    50  ringbuffer.o(i.rbCanRead)
    rbCanWrite                               0x0800be65   Thumb Code    28  ringbuffer.o(i.rbCanWrite)
    rbCapacity                               0x0800be81   Thumb Code    12  ringbuffer.o(i.rbCapacity)
    rbCreate                                 0x0800be8d   Thumb Code    18  ringbuffer.o(i.rbCreate)
    rbRead                                   0x0800be9f   Thumb Code   126  ringbuffer.o(i.rbRead)
    rbWrite                                  0x0800bf1d   Thumb Code   142  ringbuffer.o(i.rbWrite)
    timerInit                                0x0800bfad   Thumb Code     6  gizwits_product.o(i.timerInit)
    uartInit                                 0x0800bfb9   Thumb Code    10  gizwits_product.o(i.uartInit)
    uartWrite                                0x0800bfcd   Thumb Code   140  gizwits_product.o(i.uartWrite)
    userHandle                               0x0800c085   Thumb Code     2  gizwits_product.o(i.userHandle)
    userInit                                 0x0800c089   Thumb Code    10  gizwits_product.o(i.userInit)
    AHBPrescTable                            0x0800c098   Data          16  system_stm32f1xx.o(.constdata)
    APBPrescTable                            0x0800c0a8   Data           8  system_stm32f1xx.o(.constdata)
    Region$$Table$$Base                      0x0800c0b0   Number         0  anon$$obj.o(Region$$Table)
    Region$$Table$$Limit                     0x0800c0d0   Number         0  anon$$obj.o(Region$$Table)
    aRxBuffer                                0x20000000   Data           1  gizwits_product.o(.data)
    SystemCoreClock                          0x20000018   Data           4  system_stm32f1xx.o(.data)
    uwTickFreq                               0x2000001c   Data           1  stm32f1xx_hal.o(.data)
    uwTickPrio                               0x20000020   Data           4  stm32f1xx_hal.o(.data)
    uwTick                                   0x20000024   Data           4  stm32f1xx_hal.o(.data)
    __stdout                                 0x20000028   Data           4  stdout.o(.data)
    __microlib_freelist                      0x2000002c   Data           4  mvars.o(.data)
    currentDataPoint                         0x20000030   Data         811  gizwits_product.o(.bss)
    gizwitsProtocol                          0x2000035b   Data        3264  gizwits_protocol.o(.bss)
    pRb                                      0x2000101b   Data          16  gizwits_protocol.o(.bss)
    huart1                                   0x200012fc   Data          64  usart.o(.bss)
    huart2                                   0x2000133c   Data          64  usart.o(.bss)
    huart3                                   0x2000137c   Data          64  usart.o(.bss)
    htim2                                    0x200013bc   Data          64  tim.o(.bss)
    __initial_sp                             0x20003400   Data           0  startup_stm32f103xb.o(STACK)



==============================================================================

Memory Map of the image

  Image Entry point : 0x080000ed

  Load Region LR_IROM1 (Base: 0x08000000, Size: 0x0000c100, Max: 0x00020000, ABSOLUTE)

    Execution Region ER_IROM1 (Exec base: 0x08000000, Load base: 0x08000000, Size: 0x0000c0d0, Max: 0x00020000, ABSOLUTE)

    Exec Addr    Load Addr    Size         Type   Attr      Idx    E Section Name        Object

    0x08000000   0x08000000   0x000000ec   Data   RO            3    RESET               startup_stm32f103xb.o
    0x080000ec   0x080000ec   0x00000000   Code   RO         2995  * .ARM.Collect$$$$00000000  mc_w.l(entry.o)
    0x080000ec   0x080000ec   0x00000004   Code   RO         3309    .ARM.Collect$$$$00000001  mc_w.l(entry2.o)
    0x080000f0   0x080000f0   0x00000004   Code   RO         3312    .ARM.Collect$$$$00000004  mc_w.l(entry5.o)
    0x080000f4   0x080000f4   0x00000000   Code   RO         3314    .ARM.Collect$$$$00000008  mc_w.l(entry7b.o)
    0x080000f4   0x080000f4   0x00000000   Code   RO         3316    .ARM.Collect$$$$0000000A  mc_w.l(entry8b.o)
    0x080000f4   0x080000f4   0x00000008   Code   RO         3317    .ARM.Collect$$$$0000000B  mc_w.l(entry9a.o)
    0x080000fc   0x080000fc   0x00000000   Code   RO         3319    .ARM.Collect$$$$0000000D  mc_w.l(entry10a.o)
    0x080000fc   0x080000fc   0x00000000   Code   RO         3321    .ARM.Collect$$$$0000000F  mc_w.l(entry11a.o)
    0x080000fc   0x080000fc   0x00000004   Code   RO         3310    .ARM.Collect$$$$00002712  mc_w.l(entry2.o)
    0x08000100   0x08000100   0x00000024   Code   RO            4    .text               startup_stm32f103xb.o
    0x08000124   0x08000124   0x00000020   Code   RO         2998    .text               mc_w.l(llushr.o)
    0x08000144   0x08000144   0x00000024   Code   RO         3002    .text               mc_w.l(memcpya.o)
    0x08000168   0x08000168   0x00000024   Code   RO         3004    .text               mc_w.l(memseta.o)
    0x0800018c   0x0800018c   0x00000062   Code   RO         3326    .text               mc_w.l(uldiv.o)
    0x080001ee   0x080001ee   0x00000002   PAD
    0x080001f0   0x080001f0   0x00000024   Code   RO         3343    .text               mc_w.l(init.o)
    0x08000214   0x08000214   0x0000001e   Code   RO         3345    .text               mc_w.l(llshl.o)
    0x08000232   0x08000232   0x00000002   Code   RO         2770    i.BusFault_Handler  stm32f1xx_it.o
    0x08000234   0x08000234   0x00000002   Code   RO         2771    i.DebugMon_Handler  stm32f1xx_it.o
    0x08000236   0x08000236   0x00000002   PAD
    0x08000238   0x08000238   0x00000098   Code   RO         1503    i.HAL_DMA_Abort_IT  stm32f1xx_hal_dma.o
    0x080002d0   0x080002d0   0x000001bc   Code   RO          602    i.HAL_GPIO_Init     stm32f1xx_hal_gpio.o
    0x0800048c   0x0800048c   0x0000000a   Code   RO          606    i.HAL_GPIO_WritePin  stm32f1xx_hal_gpio.o
    0x08000496   0x08000496   0x00000002   PAD
    0x08000498   0x08000498   0x0000000c   Code   RO         2114    i.HAL_GetTick       stm32f1xx_hal.o
    0x080004a4   0x080004a4   0x00000010   Code   RO         2118    i.HAL_IncTick       stm32f1xx_hal.o
    0x080004b4   0x080004b4   0x00000024   Code   RO         2119    i.HAL_Init          stm32f1xx_hal.o
    0x080004d8   0x080004d8   0x00000040   Code   RO         2120    i.HAL_InitTick      stm32f1xx_hal.o
    0x08000518   0x08000518   0x00000080   Code   RO         2974    i.HAL_MspInit       stm32f1xx_hal_msp.o
    0x08000598   0x08000598   0x00000016   Code   RO         1755    i.HAL_NVIC_EnableIRQ  stm32f1xx_hal_cortex.o
    0x080005ae   0x080005ae   0x00000002   PAD
    0x080005b0   0x080005b0   0x00000040   Code   RO         1761    i.HAL_NVIC_SetPriority  stm32f1xx_hal_cortex.o
    0x080005f0   0x080005f0   0x00000024   Code   RO         1762    i.HAL_NVIC_SetPriorityGrouping  stm32f1xx_hal_cortex.o
    0x08000614   0x08000614   0x00000024   Code   RO         1763    i.HAL_NVIC_SystemReset  stm32f1xx_hal_cortex.o
    0x08000638   0x08000638   0x00000154   Code   RO          769    i.HAL_RCC_ClockConfig  stm32f1xx_hal_rcc.o
    0x0800078c   0x0800078c   0x0000000c   Code   RO          774    i.HAL_RCC_GetHCLKFreq  stm32f1xx_hal_rcc.o
    0x08000798   0x08000798   0x00000020   Code   RO          776    i.HAL_RCC_GetPCLK1Freq  stm32f1xx_hal_rcc.o
    0x080007b8   0x080007b8   0x00000020   Code   RO          777    i.HAL_RCC_GetPCLK2Freq  stm32f1xx_hal_rcc.o
    0x080007d8   0x080007d8   0x0000006c   Code   RO          778    i.HAL_RCC_GetSysClockFreq  stm32f1xx_hal_rcc.o
    0x08000844   0x08000844   0x00000304   Code   RO          781    i.HAL_RCC_OscConfig  stm32f1xx_hal_rcc.o
    0x08000b48   0x08000b48   0x00000018   Code   RO         1764    i.HAL_SYSTICK_CLKSourceConfig  stm32f1xx_hal_cortex.o
    0x08000b60   0x08000b60   0x00000002   Code   RO         1765    i.HAL_SYSTICK_Callback  stm32f1xx_hal_cortex.o
    0x08000b62   0x08000b62   0x00000028   Code   RO         1766    i.HAL_SYSTICK_Config  stm32f1xx_hal_cortex.o
    0x08000b8a   0x08000b8a   0x00000008   Code   RO         1767    i.HAL_SYSTICK_IRQHandler  stm32f1xx_hal_cortex.o
    0x08000b92   0x08000b92   0x00000002   Code   RO         1870    i.HAL_TIMEx_BreakCallback  stm32f1xx_hal_tim_ex.o
    0x08000b94   0x08000b94   0x00000002   Code   RO         1871    i.HAL_TIMEx_CommutationCallback  stm32f1xx_hal_tim_ex.o
    0x08000b96   0x08000b96   0x00000050   Code   RO         1887    i.HAL_TIMEx_MasterConfigSynchronization  stm32f1xx_hal_tim_ex.o
    0x08000be6   0x08000be6   0x00000036   Code   RO          872    i.HAL_TIM_Base_Init  stm32f1xx_hal_tim.o
    0x08000c1c   0x08000c1c   0x00000024   Code   RO         2889    i.HAL_TIM_Base_MspInit  tim.o
    0x08000c40   0x08000c40   0x00000018   Code   RO          877    i.HAL_TIM_Base_Start_IT  stm32f1xx_hal_tim.o
    0x08000c58   0x08000c58   0x000000f2   Code   RO          881    i.HAL_TIM_ConfigClockSource  stm32f1xx_hal_tim.o
    0x08000d4a   0x08000d4a   0x00000002   Code   RO          901    i.HAL_TIM_IC_CaptureCallback  stm32f1xx_hal_tim.o
    0x08000d4c   0x08000d4c   0x00000166   Code   RO          914    i.HAL_TIM_IRQHandler  stm32f1xx_hal_tim.o
    0x08000eb2   0x08000eb2   0x00000002   Code   RO          917    i.HAL_TIM_OC_DelayElapsedCallback  stm32f1xx_hal_tim.o
    0x08000eb4   0x08000eb4   0x00000002   Code   RO          944    i.HAL_TIM_PWM_PulseFinishedCallback  stm32f1xx_hal_tim.o
    0x08000eb6   0x08000eb6   0x00000002   PAD
    0x08000eb8   0x08000eb8   0x00000010   Code   RO           13    i.HAL_TIM_PeriodElapsedCallback  gizwits_product.o
    0x08000ec8   0x08000ec8   0x00000002   Code   RO          955    i.HAL_TIM_TriggerCallback  stm32f1xx_hal_tim.o
    0x08000eca   0x08000eca   0x00000002   Code   RO         2283    i.HAL_UART_ErrorCallback  stm32f1xx_hal_uart.o
    0x08000ecc   0x08000ecc   0x00000110   Code   RO         2286    i.HAL_UART_IRQHandler  stm32f1xx_hal_uart.o
    0x08000fdc   0x08000fdc   0x00000062   Code   RO         2287    i.HAL_UART_Init     stm32f1xx_hal_uart.o
    0x0800103e   0x0800103e   0x00000002   PAD
    0x08001040   0x08001040   0x000000d4   Code   RO         2714    i.HAL_UART_MspInit  usart.o
    0x08001114   0x08001114   0x00000052   Code   RO         2292    i.HAL_UART_Receive_IT  stm32f1xx_hal_uart.o
    0x08001166   0x08001166   0x00000002   PAD
    0x08001168   0x08001168   0x00000030   Code   RO           14    i.HAL_UART_RxCpltCallback  gizwits_product.o
    0x08001198   0x08001198   0x000000ba   Code   RO         2295    i.HAL_UART_Transmit  stm32f1xx_hal_uart.o
    0x08001252   0x08001252   0x0000003e   Code   RO         2297    i.HAL_UART_Transmit_IT  stm32f1xx_hal_uart.o
    0x08001290   0x08001290   0x00000002   Code   RO         2298    i.HAL_UART_TxCpltCallback  stm32f1xx_hal_uart.o
    0x08001292   0x08001292   0x00000002   Code   RO         2772    i.HardFault_Handler  stm32f1xx_it.o
    0x08001294   0x08001294   0x0000009c   Code   RO         2864    i.MX_GPIO_Init      gpio.o
    0x08001330   0x08001330   0x00000074   Code   RO         2890    i.MX_TIM2_Init      tim.o
    0x080013a4   0x080013a4   0x0000004c   Code   RO         2715    i.MX_USART1_UART_Init  usart.o
    0x080013f0   0x080013f0   0x0000004c   Code   RO         2716    i.MX_USART2_UART_Init  usart.o
    0x0800143c   0x0800143c   0x0000004c   Code   RO         2717    i.MX_USART3_UART_Init  usart.o
    0x08001488   0x08001488   0x00000002   Code   RO         2773    i.MemManage_Handler  stm32f1xx_it.o
    0x0800148a   0x0800148a   0x00000002   Code   RO         2774    i.NMI_Handler       stm32f1xx_it.o
    0x0800148c   0x0800148c   0x00000020   Code   RO         1768    i.NVIC_SetPriority  stm32f1xx_hal_cortex.o
    0x080014ac   0x080014ac   0x00000002   Code   RO         2775    i.PendSV_Handler    stm32f1xx_it.o
    0x080014ae   0x080014ae   0x00000002   Code   RO         2776    i.SVC_Handler       stm32f1xx_it.o
    0x080014b0   0x080014b0   0x0000000e   Code   RO         2777    i.SysTick_Handler   stm32f1xx_it.o
    0x080014be   0x080014be   0x00000068   Code   RO         2930    i.SystemClock_Config  main.o
    0x08001526   0x08001526   0x00000002   PAD
    0x08001528   0x08001528   0x00000048   Code   RO          562    i.SystemInit        system_stm32f1xx.o
    0x08001570   0x08001570   0x0000000c   Code   RO         2778    i.TIM2_IRQHandler   stm32f1xx_it.o
    0x0800157c   0x0800157c   0x0000006c   Code   RO          956    i.TIM_Base_SetConfig  stm32f1xx_hal_tim.o
    0x080015e8   0x080015e8   0x00000014   Code   RO          963    i.TIM_ETR_SetConfig  stm32f1xx_hal_tim.o
    0x080015fc   0x080015fc   0x00000010   Code   RO          964    i.TIM_ITRx_SetConfig  stm32f1xx_hal_tim.o
    0x0800160c   0x0800160c   0x00000022   Code   RO          970    i.TIM_TI1_ConfigInputStage  stm32f1xx_hal_tim.o
    0x0800162e   0x0800162e   0x00000024   Code   RO          972    i.TIM_TI2_ConfigInputStage  stm32f1xx_hal_tim.o
    0x08001652   0x08001652   0x00000010   Code   RO         2300    i.UART_DMAAbortOnError  stm32f1xx_hal_uart.o
    0x08001662   0x08001662   0x0000001c   Code   RO         2310    i.UART_EndRxTransfer  stm32f1xx_hal_uart.o
    0x0800167e   0x0800167e   0x00000096   Code   RO         2312    i.UART_Receive_IT   stm32f1xx_hal_uart.o
    0x08001714   0x08001714   0x00000170   Code   RO         2313    i.UART_SetConfig    stm32f1xx_hal_uart.o
    0x08001884   0x08001884   0x00000062   Code   RO         2314    i.UART_Transmit_IT  stm32f1xx_hal_uart.o
    0x080018e6   0x080018e6   0x00000064   Code   RO         2315    i.UART_WaitOnFlagUntilTimeout  stm32f1xx_hal_uart.o
    0x0800194a   0x0800194a   0x00000002   PAD
    0x0800194c   0x0800194c   0x0000000c   Code   RO         2779    i.USART1_IRQHandler  stm32f1xx_it.o
    0x08001958   0x08001958   0x0000000c   Code   RO         2780    i.USART2_IRQHandler  stm32f1xx_it.o
    0x08001964   0x08001964   0x00000002   Code   RO         2781    i.UsageFault_Handler  stm32f1xx_it.o
    0x08001966   0x08001966   0x00000002   Code   RO         2931    i._Error_Handler    main.o
    0x08001968   0x08001968   0x00000020   Code   RO         3217    i.__0printf$8       mc_w.l(printf8.o)
    0x08001988   0x08001988   0x0000000e   Code   RO         3353    i.__scatterload_copy  mc_w.l(handlers.o)
    0x08001996   0x08001996   0x00000002   Code   RO         3354    i.__scatterload_null  mc_w.l(handlers.o)
    0x08001998   0x08001998   0x0000000e   Code   RO         3355    i.__scatterload_zeroinit  mc_w.l(handlers.o)
    0x080019a6   0x080019a6   0x00000002   PAD
    0x080019a8   0x080019a8   0x00000410   Code   RO         3224    i._printf_core      mc_w.l(printf8.o)
    0x08001db8   0x08001db8   0x00000024   Code   RO         3225    i._printf_post_padding  mc_w.l(printf8.o)
    0x08001ddc   0x08001ddc   0x0000002e   Code   RO         3226    i._printf_pre_padding  mc_w.l(printf8.o)
    0x08001e0a   0x08001e0a   0x0000000e   Code   RO          209    i.calculateDynamicBitPartLen  gizwits_protocol.o
    0x08001e18   0x08001e18   0x00000010   Code   RO          381    i.exchangeBytes     common.o
    0x08001e28   0x08001e28   0x00000004   Code   RO          382    i.exchangeWord      common.o
    0x08001e2c   0x08001e2c   0x00000018   Code   RO           15    i.fputc             gizwits_product.o
    0x08001e44   0x08001e44   0x00000050   Code   RO         3271    i.free              mc_w.l(malloc.o)
    0x08001e94   0x08001e94   0x0000001e   Code   RO          445    i.gizAcrossByteJudge  datapointtools.o
    0x08001eb2   0x08001eb2   0x00000024   Code   RO          446    i.gizByteOrderExchange  datapointtools.o
    0x08001ed6   0x08001ed6   0x00000002   PAD
    0x08001ed8   0x08001ed8   0x000061dc   Code   RO          210    i.gizCheckReport    gizwits_protocol.o
    0x080080b4   0x080080b4   0x000000cc   Code   RO          211    i.gizDataPoint2Event  gizwits_protocol.o
    0x08008180   0x08008180   0x000026e0   Code   RO          212    i.gizDataPoints2ReportData  gizwits_protocol.o
    0x0800a860   0x0800a860   0x000000ec   Code   RO          213    i.gizDevReportPolicy  gizwits_protocol.o
    0x0800a94c   0x0800a94c   0x0000000c   Code   RO           16    i.gizGetTimerCount  gizwits_product.o
    0x0800a958   0x0800a958   0x00000084   Code   RO          214    i.gizProtocolAckHandle  gizwits_protocol.o
    0x0800a9dc   0x0800a9dc   0x00000098   Code   RO          215    i.gizProtocolCommonAck  gizwits_protocol.o
    0x0800aa74   0x0800aa74   0x000000a0   Code   RO          216    i.gizProtocolErrorCmd  gizwits_protocol.o
    0x0800ab14   0x0800ab14   0x00000178   Code   RO          217    i.gizProtocolGetDeviceInfo  gizwits_protocol.o
    0x0800ac8c   0x0800ac8c   0x00000160   Code   RO          218    i.gizProtocolGetOnePacket  gizwits_protocol.o
    0x0800adec   0x0800adec   0x0000004c   Code   RO          219    i.gizProtocolHeadInit  gizwits_protocol.o
    0x0800ae38   0x0800ae38   0x00000124   Code   RO          220    i.gizProtocolIssuedDataAck  gizwits_protocol.o
    0x0800af5c   0x0800af5c   0x0000016c   Code   RO          221    i.gizProtocolIssuedProcess  gizwits_protocol.o
    0x0800b0c8   0x0800b0c8   0x00000418   Code   RO          222    i.gizProtocolModuleStatus  gizwits_protocol.o
    0x0800b4e0   0x0800b4e0   0x00000078   Code   RO          223    i.gizProtocolNTP    gizwits_protocol.o
    0x0800b558   0x0800b558   0x00000074   Code   RO          224    i.gizProtocolResendData  gizwits_protocol.o
    0x0800b5cc   0x0800b5cc   0x00000024   Code   RO          383    i.gizProtocolSum    common.o
    0x0800b5f0   0x0800b5f0   0x00000064   Code   RO          225    i.gizProtocolWaitAck  gizwits_protocol.o
    0x0800b654   0x0800b654   0x00000048   Code   RO          226    i.gizProtocolWaitAckCheck  gizwits_protocol.o
    0x0800b69c   0x0800b69c   0x00000068   Code   RO          227    i.gizPutData        gizwits_protocol.o
    0x0800b704   0x0800b704   0x000000d8   Code   RO          228    i.gizReportData     gizwits_protocol.o
    0x0800b7dc   0x0800b7dc   0x00000010   Code   RO           17    i.gizTimerMs        gizwits_product.o
    0x0800b7ec   0x0800b7ec   0x0000004c   Code   RO          449    i.gizVarlenCompressValue  datapointtools.o
    0x0800b838   0x0800b838   0x00000088   Code   RO          450    i.gizVarlenDecompressionValue  datapointtools.o
    0x0800b8c0   0x0800b8c0   0x00000008   Code   RO          453    i.gizY2X            datapointtools.o
    0x0800b8c8   0x0800b8c8   0x00000134   Code   RO           18    i.gizwitsEventProcess  gizwits_product.o
    0x0800b9fc   0x0800b9fc   0x00000354   Code   RO          231    i.gizwitsHandle     gizwits_protocol.o
    0x0800bd50   0x0800bd50   0x00000060   Code   RO          232    i.gizwitsInit       gizwits_protocol.o
    0x0800bdb0   0x0800bdb0   0x00000078   Code   RO         2932    i.main              main.o
    0x0800be28   0x0800be28   0x0000000a   Code   RO           19    i.mcuRestart        gizwits_product.o
    0x0800be32   0x0800be32   0x00000032   Code   RO          511    i.rbCanRead         ringbuffer.o
    0x0800be64   0x0800be64   0x0000001c   Code   RO          512    i.rbCanWrite        ringbuffer.o
    0x0800be80   0x0800be80   0x0000000c   Code   RO          513    i.rbCapacity        ringbuffer.o
    0x0800be8c   0x0800be8c   0x00000012   Code   RO          514    i.rbCreate          ringbuffer.o
    0x0800be9e   0x0800be9e   0x0000007e   Code   RO          516    i.rbRead            ringbuffer.o
    0x0800bf1c   0x0800bf1c   0x0000008e   Code   RO          517    i.rbWrite           ringbuffer.o
    0x0800bfaa   0x0800bfaa   0x00000002   PAD
    0x0800bfac   0x0800bfac   0x0000000c   Code   RO           20    i.timerInit         gizwits_product.o
    0x0800bfb8   0x0800bfb8   0x00000014   Code   RO           21    i.uartInit          gizwits_product.o
    0x0800bfcc   0x0800bfcc   0x000000b8   Code   RO           22    i.uartWrite         gizwits_product.o
    0x0800c084   0x0800c084   0x00000002   Code   RO           23    i.userHandle        gizwits_product.o
    0x0800c086   0x0800c086   0x00000002   PAD
    0x0800c088   0x0800c088   0x00000010   Code   RO           24    i.userInit          gizwits_product.o
    0x0800c098   0x0800c098   0x00000010   Data   RO          563    .constdata          system_stm32f1xx.o
    0x0800c0a8   0x0800c0a8   0x00000008   Data   RO          564    .constdata          system_stm32f1xx.o
    0x0800c0b0   0x0800c0b0   0x00000020   Data   RO         3351    Region$$Table       anon$$obj.o


    Execution Region RW_IRAM1 (Exec base: 0x20000000, Load base: 0x0800c0d0, Size: 0x00003400, Max: 0x00005000, ABSOLUTE)

    Exec Addr    Load Addr    Size         Type   Attr      Idx    E Section Name        Object

    0x20000000   0x0800c0d0   0x00000008   Data   RW           26    .data               gizwits_product.o
    0x20000008   0x0800c0d8   0x00000010   Data   RW          236    .data               gizwits_protocol.o
    0x20000018   0x0800c0e8   0x00000004   Data   RW          565    .data               system_stm32f1xx.o
    0x2000001c   0x0800c0ec   0x0000000c   Data   RW         2126    .data               stm32f1xx_hal.o
    0x20000028   0x0800c0f8   0x00000004   Data   RW         3323    .data               mc_w.l(stdout.o)
    0x2000002c   0x0800c0fc   0x00000004   Data   RW         3328    .data               mc_w.l(mvars.o)
    0x20000030        -       0x0000032b   Zero   RW           25    .bss                gizwits_product.o
    0x2000035b        -       0x00000fa0   Zero   RW          235    .bss                gizwits_protocol.o
    0x200012fb   0x0800c100   0x00000001   PAD
    0x200012fc        -       0x000000c0   Zero   RW         2718    .bss                usart.o
    0x200013bc        -       0x00000040   Zero   RW         2891    .bss                tim.o
    0x200013fc   0x0800c100   0x00000004   PAD
    0x20001400        -       0x00002000   Zero   RW            1    STACK               startup_stm32f103xb.o


==============================================================================

Image component sizes


      Code (inc. data)   RO Data    RW Data    ZI Data      Debug   Object Name

        56          0          0          0          0       2056   common.o
       286          0          0          0          0       4208   datapointtools.o
       668        284          0          8        811     511115   gizwits_product.o
     40086      14570          0         16       4000      32374   gizwits_protocol.o
       156         12          0          0          0        879   gpio.o
       226         24          0          0          0       2009   main.o
       376          0          0          0          0       4026   ringbuffer.o
        36          8        236          0       8192        784   startup_stm32f103xb.o
       128         24          0         12          0       3133   stm32f1xx_hal.o
       264         24          0          0          0      27804   stm32f1xx_hal_cortex.o
       152          4          0          0          0       1067   stm32f1xx_hal_dma.o
       454         36          0          0          0       2828   stm32f1xx_hal_gpio.o
       128         10          0          0          0        838   stm32f1xx_hal_msp.o
      1296        104          0          0          0       5528   stm32f1xx_hal_rcc.o
       900         14          0          0          0       9199   stm32f1xx_hal_tim.o
        84          0          0          0          0       2262   stm32f1xx_hal_tim_ex.o
      1464         10          0          0          0       9806   stm32f1xx_hal_uart.o
        66         18          0          0          0       4900   stm32f1xx_it.o
        72         16         24          4          0       1111   system_stm32f1xx.o
       152         26          0          0         64       1502   tim.o
       440         96          0          0        192       2776   usart.o

    ----------------------------------------------------------------------
     47512      15280        292         40      13264     630205   Object Totals
         0          0         32          0          0          0   (incl. Generated)
        22          0          0          0          5          0   (incl. Padding)

    ----------------------------------------------------------------------

      Code (inc. data)   RO Data    RW Data    ZI Data      Debug   Library Member Name

         0          0          0          0          0          0   entry.o
         0          0          0          0          0          0   entry10a.o
         0          0          0          0          0          0   entry11a.o
         8          4          0          0          0          0   entry2.o
         4          0          0          0          0          0   entry5.o
         0          0          0          0          0          0   entry7b.o
         0          0          0          0          0          0   entry8b.o
         8          4          0          0          0          0   entry9a.o
        30          0          0          0          0          0   handlers.o
        36          8          0          0          0         68   init.o
        30          0          0          0          0         68   llshl.o
        32          0          0          0          0         68   llushr.o
        80          4          0          0          0         76   malloc.o
        36          0          0          0          0         68   memcpya.o
        36          0          0          0          0        108   memseta.o
         0          0          0          4          0          0   mvars.o
      1154         54          0          0          0        352   printf8.o
         0          0          0          4          0          0   stdout.o
        98          0          0          0          0         92   uldiv.o

    ----------------------------------------------------------------------
      1556         74          0          8          0        900   Library Totals
         4          0          0          0          0          0   (incl. Padding)

    ----------------------------------------------------------------------

      Code (inc. data)   RO Data    RW Data    ZI Data      Debug   Library Name

      1552         74          0          8          0        900   mc_w.l

    ----------------------------------------------------------------------
      1556         74          0          8          0        900   Library Totals

    ----------------------------------------------------------------------

==============================================================================


      Code (inc. data)   RO Data    RW Data    ZI Data      Debug   

     49068      15354        292         48      13264     624809   Grand Totals
     49068      15354        292         48      13264     624809   ELF Image Totals
     49068      15354        292         48          0          0   ROM Totals

==============================================================================

    Total RO  Size (Code + RO Data)                49360 (  48.20kB)
    Total RW  Size (RW Data + ZI Data)             13312 (  13.00kB)
    Total ROM Size (Code + RO Data + RW Data)      49408 (  48.25kB)

==============================================================================

